\BOOKMARK [0][-]{chapter.1}{\376\377\0001\000\040\000N\000a\000m\000e\000s\000p\000a\000c\000e\000\040\000I\000n\000d\000e\000x}{}% 1
\BOOKMARK [1][-]{section.1.1}{\376\377\0001\000.\0001\000\040\000N\000a\000m\000e\000s\000p\000a\000c\000e\000\040\000L\000i\000s\000t}{chapter.1}% 2
\BOOKMARK [0][-]{chapter.2}{\376\377\0002\000\040\000H\000i\000e\000r\000a\000r\000c\000h\000i\000c\000a\000l\000\040\000I\000n\000d\000e\000x}{}% 3
\BOOKMARK [1][-]{section.2.1}{\376\377\0002\000.\0001\000\040\000C\000l\000a\000s\000s\000\040\000H\000i\000e\000r\000a\000r\000c\000h\000y}{chapter.2}% 4
\BOOKMARK [0][-]{chapter.3}{\376\377\0003\000\040\000C\000l\000a\000s\000s\000\040\000I\000n\000d\000e\000x}{}% 5
\BOOKMARK [1][-]{section.3.1}{\376\377\0003\000.\0001\000\040\000C\000l\000a\000s\000s\000\040\000L\000i\000s\000t}{chapter.3}% 6
\BOOKMARK [0][-]{chapter.4}{\376\377\0004\000\040\000F\000i\000l\000e\000\040\000I\000n\000d\000e\000x}{}% 7
\BOOKMARK [1][-]{section.4.1}{\376\377\0004\000.\0001\000\040\000F\000i\000l\000e\000\040\000L\000i\000s\000t}{chapter.4}% 8
\BOOKMARK [0][-]{chapter.5}{\376\377\0005\000\040\000N\000a\000m\000e\000s\000p\000a\000c\000e\000\040\000D\000o\000c\000u\000m\000e\000n\000t\000a\000t\000i\000o\000n}{}% 9
\BOOKMARK [1][-]{section.5.1}{\376\377\0005\000.\0001\000\040\000d\000e\000f\000a\000u\000l\000t\000s\000\040\000N\000a\000m\000e\000s\000p\000a\000c\000e\000\040\000R\000e\000f\000e\000r\000e\000n\000c\000e}{chapter.5}% 10
\BOOKMARK [2][-]{subsection.5.1.1}{\376\377\0005\000.\0001\000.\0001\000\040\000V\000a\000r\000i\000a\000b\000l\000e\000\040\000D\000o\000c\000u\000m\000e\000n\000t\000a\000t\000i\000o\000n}{section.5.1}% 11
\BOOKMARK [3][-]{subsubsection.5.1.1.1}{\376\377\0005\000.\0001\000.\0001\000.\0001\000\040\000D\000E\000F\000A\000U\000L\000T\000\137\000B\000O\000A\000R\000D\000\137\000S\000I\000Z\000E}{subsection.5.1.1}% 12
\BOOKMARK [3][-]{subsubsection.5.1.1.2}{\376\377\0005\000.\0001\000.\0001\000.\0002\000\040\000D\000E\000F\000A\000U\000L\000T\000\137\000C\000O\000L\000O\000R}{subsection.5.1.1}% 13
\BOOKMARK [3][-]{subsubsection.5.1.1.3}{\376\377\0005\000.\0001\000.\0001\000.\0003\000\040\000D\000E\000F\000A\000U\000L\000T\000\137\000M\000I\000N\000I\000M\000A\000X\000\137\000D\000E\000P\000T\000H}{subsection.5.1.1}% 14
\BOOKMARK [3][-]{subsubsection.5.1.1.4}{\376\377\0005\000.\0001\000.\0001\000.\0004\000\040\000G\000U\000I\000\137\000C\000E\000L\000L\000\137\000C\000O\000L\000U\000M\000N\000\137\000S\000P\000A\000N}{subsection.5.1.1}% 15
\BOOKMARK [3][-]{subsubsection.5.1.1.5}{\376\377\0005\000.\0001\000.\0001\000.\0005\000\040\000G\000U\000I\000\137\000C\000E\000L\000L\000\137\000R\000O\000W\000\137\000S\000P\000A\000N}{subsection.5.1.1}% 16
\BOOKMARK [3][-]{subsubsection.5.1.1.6}{\376\377\0005\000.\0001\000.\0001\000.\0006\000\040\000I\000N\000V\000A\000L\000I\000D\000\137\000C\000E\000L\000L}{subsection.5.1.1}% 17
\BOOKMARK [3][-]{subsubsection.5.1.1.7}{\376\377\0005\000.\0001\000.\0001\000.\0007\000\040\000O\000\137\000C\000O\000L\000O\000R}{subsection.5.1.1}% 18
\BOOKMARK [3][-]{subsubsection.5.1.1.8}{\376\377\0005\000.\0001\000.\0001\000.\0008\000\040\000X\000\137\000C\000O\000L\000O\000R}{subsection.5.1.1}% 19
\BOOKMARK [0][-]{chapter.6}{\376\377\0006\000\040\000C\000l\000a\000s\000s\000\040\000D\000o\000c\000u\000m\000e\000n\000t\000a\000t\000i\000o\000n}{}% 20
\BOOKMARK [1][-]{section.6.1}{\376\377\0006\000.\0001\000\040\000A\000I\000A\000g\000e\000n\000t\000\040\000C\000l\000a\000s\000s\000\040\000R\000e\000f\000e\000r\000e\000n\000c\000e}{chapter.6}% 21
\BOOKMARK [2][-]{subsection.6.1.1}{\376\377\0006\000.\0001\000.\0001\000\040\000D\000e\000t\000a\000i\000l\000e\000d\000\040\000D\000e\000s\000c\000r\000i\000p\000t\000i\000o\000n}{section.6.1}% 22
\BOOKMARK [2][-]{subsection.6.1.2}{\376\377\0006\000.\0001\000.\0002\000\040\000C\000o\000n\000s\000t\000r\000u\000c\000t\000o\000r\000\040\000\046\000\040\000D\000e\000s\000t\000r\000u\000c\000t\000o\000r\000\040\000D\000o\000c\000u\000m\000e\000n\000t\000a\000t\000i\000o\000n}{section.6.1}% 23
\BOOKMARK [3][-]{subsubsection.6.1.2.1}{\376\377\0006\000.\0001\000.\0002\000.\0001\000\040\000A\000I\000A\000g\000e\000n\000t\000\050\000\051}{subsection.6.1.2}% 24
\BOOKMARK [3][-]{subsubsection.6.1.2.2}{\376\377\0006\000.\0001\000.\0002\000.\0002\000\040\000~\000A\000I\000A\000g\000e\000n\000t\000\050\000\051}{subsection.6.1.2}% 25
\BOOKMARK [1][-]{section.6.2}{\376\377\0006\000.\0002\000\040\000B\000o\000a\000r\000d\000\040\000C\000l\000a\000s\000s\000\040\000R\000e\000f\000e\000r\000e\000n\000c\000e}{chapter.6}% 26
\BOOKMARK [2][-]{subsection.6.2.1}{\376\377\0006\000.\0002\000.\0001\000\040\000D\000e\000t\000a\000i\000l\000e\000d\000\040\000D\000e\000s\000c\000r\000i\000p\000t\000i\000o\000n}{section.6.2}% 27
\BOOKMARK [2][-]{subsection.6.2.2}{\376\377\0006\000.\0002\000.\0002\000\040\000C\000o\000n\000s\000t\000r\000u\000c\000t\000o\000r\000\040\000\046\000\040\000D\000e\000s\000t\000r\000u\000c\000t\000o\000r\000\040\000D\000o\000c\000u\000m\000e\000n\000t\000a\000t\000i\000o\000n}{section.6.2}% 28
\BOOKMARK [3][-]{subsubsection.6.2.2.1}{\376\377\0006\000.\0002\000.\0002\000.\0001\000\040\000B\000o\000a\000r\000d\000\050\000\051\000\040\000[\0001\000/\0004\000]}{subsection.6.2.2}% 29
\BOOKMARK [3][-]{subsubsection.6.2.2.2}{\376\377\0006\000.\0002\000.\0002\000.\0002\000\040\000B\000o\000a\000r\000d\000\050\000\051\000\040\000[\0002\000/\0004\000]}{subsection.6.2.2}% 30
\BOOKMARK [3][-]{subsubsection.6.2.2.3}{\376\377\0006\000.\0002\000.\0002\000.\0003\000\040\000B\000o\000a\000r\000d\000\050\000\051\000\040\000[\0003\000/\0004\000]}{subsection.6.2.2}% 31
\BOOKMARK [3][-]{subsubsection.6.2.2.4}{\376\377\0006\000.\0002\000.\0002\000.\0004\000\040\000B\000o\000a\000r\000d\000\050\000\051\000\040\000[\0004\000/\0004\000]}{subsection.6.2.2}% 32
\BOOKMARK [3][-]{subsubsection.6.2.2.5}{\376\377\0006\000.\0002\000.\0002\000.\0005\000\040\000~\000B\000o\000a\000r\000d\000\050\000\051}{subsection.6.2.2}% 33
\BOOKMARK [2][-]{subsection.6.2.3}{\376\377\0006\000.\0002\000.\0003\000\040\000M\000e\000m\000b\000e\000r\000\040\000F\000u\000n\000c\000t\000i\000o\000n\000\040\000D\000o\000c\000u\000m\000e\000n\000t\000a\000t\000i\000o\000n}{section.6.2}% 34
\BOOKMARK [3][-]{subsubsection.6.2.3.1}{\376\377\0006\000.\0002\000.\0003\000.\0001\000\040\000a\000t\000\050\000\051}{subsection.6.2.3}% 35
\BOOKMARK [3][-]{subsubsection.6.2.3.2}{\376\377\0006\000.\0002\000.\0003\000.\0002\000\040\000e\000v\000a\000l\000u\000a\000t\000e\000B\000o\000a\000r\000d\000\050\000\051}{subsection.6.2.3}% 36
\BOOKMARK [3][-]{subsubsection.6.2.3.3}{\376\377\0006\000.\0002\000.\0003\000.\0003\000\040\000o\000p\000e\000r\000a\000t\000o\000r\000=\000\050\000\051}{subsection.6.2.3}% 37
\BOOKMARK [3][-]{subsubsection.6.2.3.4}{\376\377\0006\000.\0002\000.\0003\000.\0004\000\040\000p\000r\000i\000n\000t\000B\000o\000a\000r\000d\000\050\000\051}{subsection.6.2.3}% 38
\BOOKMARK [3][-]{subsubsection.6.2.3.5}{\376\377\0006\000.\0002\000.\0003\000.\0005\000\040\000r\000e\000s\000e\000t\000\050\000\051}{subsection.6.2.3}% 39
\BOOKMARK [3][-]{subsubsection.6.2.3.6}{\376\377\0006\000.\0002\000.\0003\000.\0006\000\040\000r\000e\000s\000e\000t\000C\000e\000l\000l\000\050\000\051}{subsection.6.2.3}% 40
\BOOKMARK [3][-]{subsubsection.6.2.3.7}{\376\377\0006\000.\0002\000.\0003\000.\0007\000\040\000s\000e\000t\000P\000l\000a\000y\000e\000r\000I\000n\000p\000u\000t\000\050\000\051}{subsection.6.2.3}% 41
\BOOKMARK [3][-]{subsubsection.6.2.3.8}{\376\377\0006\000.\0002\000.\0003\000.\0008\000\040\000s\000i\000z\000e\000\050\000\051}{subsection.6.2.3}% 42
\BOOKMARK [2][-]{subsection.6.2.4}{\376\377\0006\000.\0002\000.\0004\000\040\000M\000e\000m\000b\000e\000r\000\040\000D\000a\000t\000a\000\040\000D\000o\000c\000u\000m\000e\000n\000t\000a\000t\000i\000o\000n}{section.6.2}% 43
\BOOKMARK [3][-]{subsubsection.6.2.4.1}{\376\377\0006\000.\0002\000.\0004\000.\0001\000\040\000b\000o\000a\000r\000d\000\137}{subsection.6.2.4}% 44
\BOOKMARK [3][-]{subsubsection.6.2.4.2}{\376\377\0006\000.\0002\000.\0004\000.\0002\000\040\000b\000o\000a\000r\000d\000S\000i\000z\000e\000\137}{subsection.6.2.4}% 45
\BOOKMARK [1][-]{section.6.3}{\376\377\0006\000.\0003\000\040\000C\000e\000l\000l\000\040\000S\000t\000r\000u\000c\000t\000\040\000R\000e\000f\000e\000r\000e\000n\000c\000e}{chapter.6}% 46
\BOOKMARK [2][-]{subsection.6.3.1}{\376\377\0006\000.\0003\000.\0001\000\040\000D\000e\000t\000a\000i\000l\000e\000d\000\040\000D\000e\000s\000c\000r\000i\000p\000t\000i\000o\000n}{section.6.3}% 47
\BOOKMARK [2][-]{subsection.6.3.2}{\376\377\0006\000.\0003\000.\0002\000\040\000C\000o\000n\000s\000t\000r\000u\000c\000t\000o\000r\000\040\000\046\000\040\000D\000e\000s\000t\000r\000u\000c\000t\000o\000r\000\040\000D\000o\000c\000u\000m\000e\000n\000t\000a\000t\000i\000o\000n}{section.6.3}% 48
\BOOKMARK [3][-]{subsubsection.6.3.2.1}{\376\377\0006\000.\0003\000.\0002\000.\0001\000\040\000C\000e\000l\000l\000\050\000\051}{subsection.6.3.2}% 49
\BOOKMARK [2][-]{subsection.6.3.3}{\376\377\0006\000.\0003\000.\0003\000\040\000M\000e\000m\000b\000e\000r\000\040\000D\000a\000t\000a\000\040\000D\000o\000c\000u\000m\000e\000n\000t\000a\000t\000i\000o\000n}{section.6.3}% 50
\BOOKMARK [3][-]{subsubsection.6.3.3.1}{\376\377\0006\000.\0003\000.\0003\000.\0001\000\040\000c\000e\000l\000l\000B\000t\000n}{subsection.6.3.3}% 51
\BOOKMARK [3][-]{subsubsection.6.3.3.2}{\376\377\0006\000.\0003\000.\0003\000.\0002\000\040\000c\000o\000l}{subsection.6.3.3}% 52
\BOOKMARK [3][-]{subsubsection.6.3.3.3}{\376\377\0006\000.\0003\000.\0003\000.\0003\000\040\000r\000o\000w}{subsection.6.3.3}% 53
\BOOKMARK [1][-]{section.6.4}{\376\377\0006\000.\0004\000\040\000C\000o\000n\000f\000i\000g\000M\000a\000n\000a\000g\000e\000r\000\040\000C\000l\000a\000s\000s\000\040\000R\000e\000f\000e\000r\000e\000n\000c\000e}{chapter.6}% 54
\BOOKMARK [2][-]{subsection.6.4.1}{\376\377\0006\000.\0004\000.\0001\000\040\000D\000e\000t\000a\000i\000l\000e\000d\000\040\000D\000e\000s\000c\000r\000i\000p\000t\000i\000o\000n}{section.6.4}% 55
\BOOKMARK [2][-]{subsection.6.4.2}{\376\377\0006\000.\0004\000.\0002\000\040\000C\000o\000n\000s\000t\000r\000u\000c\000t\000o\000r\000\040\000\046\000\040\000D\000e\000s\000t\000r\000u\000c\000t\000o\000r\000\040\000D\000o\000c\000u\000m\000e\000n\000t\000a\000t\000i\000o\000n}{section.6.4}% 56
\BOOKMARK [3][-]{subsubsection.6.4.2.1}{\376\377\0006\000.\0004\000.\0002\000.\0001\000\040\000C\000o\000n\000f\000i\000g\000M\000a\000n\000a\000g\000e\000r\000\050\000\051\000\040\000[\0001\000/\0002\000]}{subsection.6.4.2}% 57
\BOOKMARK [3][-]{subsubsection.6.4.2.2}{\376\377\0006\000.\0004\000.\0002\000.\0002\000\040\000~\000C\000o\000n\000f\000i\000g\000M\000a\000n\000a\000g\000e\000r\000\050\000\051}{subsection.6.4.2}% 58
\BOOKMARK [3][-]{subsubsection.6.4.2.3}{\376\377\0006\000.\0004\000.\0002\000.\0003\000\040\000C\000o\000n\000f\000i\000g\000M\000a\000n\000a\000g\000e\000r\000\050\000\051\000\040\000[\0002\000/\0002\000]}{subsection.6.4.2}% 59
\BOOKMARK [2][-]{subsection.6.4.3}{\376\377\0006\000.\0004\000.\0003\000\040\000M\000e\000m\000b\000e\000r\000\040\000F\000u\000n\000c\000t\000i\000o\000n\000\040\000D\000o\000c\000u\000m\000e\000n\000t\000a\000t\000i\000o\000n}{section.6.4}% 60
\BOOKMARK [3][-]{subsubsection.6.4.3.1}{\376\377\0006\000.\0004\000.\0003\000.\0001\000\040\000g\000e\000t\000B\000o\000o\000l\000\050\000\051}{subsection.6.4.3}% 61
\BOOKMARK [3][-]{subsubsection.6.4.3.2}{\376\377\0006\000.\0004\000.\0003\000.\0002\000\040\000g\000e\000t\000I\000n\000t\000\050\000\051}{subsection.6.4.3}% 62
\BOOKMARK [3][-]{subsubsection.6.4.3.3}{\376\377\0006\000.\0004\000.\0003\000.\0003\000\040\000g\000e\000t\000V\000a\000l\000u\000e\000\050\000\051}{subsection.6.4.3}% 63
\BOOKMARK [3][-]{subsubsection.6.4.3.4}{\376\377\0006\000.\0004\000.\0003\000.\0004\000\040\000i\000n\000s\000t\000a\000n\000c\000e\000\050\000\051}{subsection.6.4.3}% 64
\BOOKMARK [3][-]{subsubsection.6.4.3.5}{\376\377\0006\000.\0004\000.\0003\000.\0005\000\040\000l\000o\000a\000d\000\050\000\051}{subsection.6.4.3}% 65
\BOOKMARK [3][-]{subsubsection.6.4.3.6}{\376\377\0006\000.\0004\000.\0003\000.\0006\000\040\000o\000p\000e\000r\000a\000t\000o\000r\000=\000\050\000\051}{subsection.6.4.3}% 66
\BOOKMARK [3][-]{subsubsection.6.4.3.7}{\376\377\0006\000.\0004\000.\0003\000.\0007\000\040\000r\000e\000s\000o\000l\000v\000e\000P\000a\000t\000h\000\050\000\051}{subsection.6.4.3}% 67
\BOOKMARK [2][-]{subsection.6.4.4}{\376\377\0006\000.\0004\000.\0004\000\040\000M\000e\000m\000b\000e\000r\000\040\000D\000a\000t\000a\000\040\000D\000o\000c\000u\000m\000e\000n\000t\000a\000t\000i\000o\000n}{section.6.4}% 68
\BOOKMARK [3][-]{subsubsection.6.4.4.1}{\376\377\0006\000.\0004\000.\0004\000.\0001\000\040\000b\000a\000s\000e\000D\000i\000r\000\137}{subsection.6.4.4}% 69
\BOOKMARK [3][-]{subsubsection.6.4.4.2}{\376\377\0006\000.\0004\000.\0004\000.\0002\000\040\000s\000e\000t\000t\000i\000n\000g\000s\000\137}{subsection.6.4.4}% 70
\BOOKMARK [1][-]{section.6.5}{\376\377\0006\000.\0005\000\040\000H\000u\000m\000a\000n\000P\000l\000a\000y\000e\000r\000\040\000C\000l\000a\000s\000s\000\040\000R\000e\000f\000e\000r\000e\000n\000c\000e}{chapter.6}% 71
\BOOKMARK [2][-]{subsection.6.5.1}{\376\377\0006\000.\0005\000.\0001\000\040\000D\000e\000t\000a\000i\000l\000e\000d\000\040\000D\000e\000s\000c\000r\000i\000p\000t\000i\000o\000n}{section.6.5}% 72
\BOOKMARK [2][-]{subsection.6.5.2}{\376\377\0006\000.\0005\000.\0002\000\040\000C\000o\000n\000s\000t\000r\000u\000c\000t\000o\000r\000\040\000\046\000\040\000D\000e\000s\000t\000r\000u\000c\000t\000o\000r\000\040\000D\000o\000c\000u\000m\000e\000n\000t\000a\000t\000i\000o\000n}{section.6.5}% 73
\BOOKMARK [3][-]{subsubsection.6.5.2.1}{\376\377\0006\000.\0005\000.\0002\000.\0001\000\040\000H\000u\000m\000a\000n\000P\000l\000a\000y\000e\000r\000\050\000\051}{subsection.6.5.2}% 74
\BOOKMARK [3][-]{subsubsection.6.5.2.2}{\376\377\0006\000.\0005\000.\0002\000.\0002\000\040\000~\000H\000u\000m\000a\000n\000P\000l\000a\000y\000e\000r\000\050\000\051}{subsection.6.5.2}% 75
\BOOKMARK [2][-]{subsection.6.5.3}{\376\377\0006\000.\0005\000.\0003\000\040\000M\000e\000m\000b\000e\000r\000\040\000F\000u\000n\000c\000t\000i\000o\000n\000\040\000D\000o\000c\000u\000m\000e\000n\000t\000a\000t\000i\000o\000n}{section.6.5}% 76
\BOOKMARK [3][-]{subsubsection.6.5.3.1}{\376\377\0006\000.\0005\000.\0003\000.\0001\000\040\000h\000a\000n\000d\000l\000e\000T\000h\000r\000e\000a\000d\000C\000l\000e\000a\000n\000u\000p\000\050\000\051}{subsection.6.5.3}% 77
\BOOKMARK [3][-]{subsubsection.6.5.3.2}{\376\377\0006\000.\0005\000.\0003\000.\0002\000\040\000p\000a\000r\000s\000e\000S\000p\000e\000e\000c\000h\000C\000o\000m\000m\000a\000n\000d\000\050\000\051}{subsection.6.5.3}% 78
\BOOKMARK [3][-]{subsubsection.6.5.3.3}{\376\377\0006\000.\0005\000.\0003\000.\0003\000\040\000p\000l\000a\000y\000\050\000\051}{subsection.6.5.3}% 79
\BOOKMARK [3][-]{subsubsection.6.5.3.4}{\376\377\0006\000.\0005\000.\0003\000.\0004\000\040\000s\000t\000a\000r\000t\000L\000i\000s\000t\000e\000n\000i\000n\000g}{subsection.6.5.3}% 80
\BOOKMARK [3][-]{subsubsection.6.5.3.5}{\376\377\0006\000.\0005\000.\0003\000.\0005\000\040\000s\000t\000o\000p\000L\000i\000s\000t\000e\000n\000i\000n\000g}{subsection.6.5.3}% 81
\BOOKMARK [3][-]{subsubsection.6.5.3.6}{\376\377\0006\000.\0005\000.\0003\000.\0006\000\040\000v\000a\000l\000i\000d\000a\000t\000e\000C\000o\000m\000m\000a\000n\000d\000\050\000\051}{subsection.6.5.3}% 82
\BOOKMARK [2][-]{subsection.6.5.4}{\376\377\0006\000.\0005\000.\0004\000\040\000M\000e\000m\000b\000e\000r\000\040\000D\000a\000t\000a\000\040\000D\000o\000c\000u\000m\000e\000n\000t\000a\000t\000i\000o\000n}{section.6.5}% 83
\BOOKMARK [3][-]{subsubsection.6.5.4.1}{\376\377\0006\000.\0005\000.\0004\000.\0001\000\040\000s\000t\000t\000\137}{subsection.6.5.4}% 84
\BOOKMARK [3][-]{subsubsection.6.5.4.2}{\376\377\0006\000.\0005\000.\0004\000.\0002\000\040\000s\000t\000t\000T\000h\000r\000e\000a\000d\000\137}{subsection.6.5.4}% 85
\BOOKMARK [1][-]{section.6.6}{\376\377\0006\000.\0006\000\040\000M\000i\000n\000i\000M\000a\000x\000A\000g\000e\000n\000t\000\040\000C\000l\000a\000s\000s\000\040\000R\000e\000f\000e\000r\000e\000n\000c\000e}{chapter.6}% 86
\BOOKMARK [2][-]{subsection.6.6.1}{\376\377\0006\000.\0006\000.\0001\000\040\000D\000e\000t\000a\000i\000l\000e\000d\000\040\000D\000e\000s\000c\000r\000i\000p\000t\000i\000o\000n}{section.6.6}% 87
\BOOKMARK [2][-]{subsection.6.6.2}{\376\377\0006\000.\0006\000.\0002\000\040\000C\000o\000n\000s\000t\000r\000u\000c\000t\000o\000r\000\040\000\046\000\040\000D\000e\000s\000t\000r\000u\000c\000t\000o\000r\000\040\000D\000o\000c\000u\000m\000e\000n\000t\000a\000t\000i\000o\000n}{section.6.6}% 88
\BOOKMARK [3][-]{subsubsection.6.6.2.1}{\376\377\0006\000.\0006\000.\0002\000.\0001\000\040\000M\000i\000n\000i\000M\000a\000x\000A\000g\000e\000n\000t\000\050\000\051}{subsection.6.6.2}% 89
\BOOKMARK [2][-]{subsection.6.6.3}{\376\377\0006\000.\0006\000.\0003\000\040\000M\000e\000m\000b\000e\000r\000\040\000F\000u\000n\000c\000t\000i\000o\000n\000\040\000D\000o\000c\000u\000m\000e\000n\000t\000a\000t\000i\000o\000n}{section.6.6}% 90
\BOOKMARK [3][-]{subsubsection.6.6.3.1}{\376\377\0006\000.\0006\000.\0003\000.\0001\000\040\000m\000a\000x\000M\000o\000v\000e\000\050\000\051}{subsection.6.6.3}% 91
\BOOKMARK [3][-]{subsubsection.6.6.3.2}{\376\377\0006\000.\0006\000.\0003\000.\0002\000\040\000m\000i\000n\000M\000o\000v\000e\000\050\000\051}{subsection.6.6.3}% 92
\BOOKMARK [3][-]{subsubsection.6.6.3.3}{\376\377\0006\000.\0006\000.\0003\000.\0003\000\040\000p\000l\000a\000y\000\050\000\051}{subsection.6.6.3}% 93
\BOOKMARK [3][-]{subsubsection.6.6.3.4}{\376\377\0006\000.\0006\000.\0003\000.\0004\000\040\000p\000l\000a\000y\000e\000r\000M\000a\000r\000k\000\137\000\050\000\051}{subsection.6.6.3}% 94
\BOOKMARK [3][-]{subsubsection.6.6.3.5}{\376\377\0006\000.\0006\000.\0003\000.\0005\000\040\000s\000c\000o\000r\000e\000\050\000\051}{subsection.6.6.3}% 95
\BOOKMARK [2][-]{subsection.6.6.4}{\376\377\0006\000.\0006\000.\0004\000\040\000M\000e\000m\000b\000e\000r\000\040\000D\000a\000t\000a\000\040\000D\000o\000c\000u\000m\000e\000n\000t\000a\000t\000i\000o\000n}{section.6.6}% 96
\BOOKMARK [3][-]{subsubsection.6.6.4.1}{\376\377\0006\000.\0006\000.\0004\000.\0001\000\040\000A\000I\000\137\000W\000I\000N\000\137\000S\000C\000O\000R\000E}{subsection.6.6.4}% 97
\BOOKMARK [3][-]{subsubsection.6.6.4.2}{\376\377\0006\000.\0006\000.\0004\000.\0002\000\040\000d\000e\000p\000t\000h\000\137}{subsection.6.6.4}% 98
\BOOKMARK [3][-]{subsubsection.6.6.4.3}{\376\377\0006\000.\0006\000.\0004\000.\0003\000\040\000P\000L\000A\000Y\000E\000R\000\137\000W\000I\000N\000\137\000S\000C\000O\000R\000E}{subsection.6.6.4}% 99
\BOOKMARK [3][-]{subsubsection.6.6.4.4}{\376\377\0006\000.\0006\000.\0004\000.\0004\000\040\000T\000I\000E\000\137\000S\000C\000O\000R\000E}{subsection.6.6.4}% 100
\BOOKMARK [1][-]{section.6.7}{\376\377\0006\000.\0007\000\040\000N\000e\000t\000w\000o\000r\000k\000M\000a\000n\000a\000g\000e\000r\000\040\000C\000l\000a\000s\000s\000\040\000R\000e\000f\000e\000r\000e\000n\000c\000e}{chapter.6}% 101
\BOOKMARK [2][-]{subsection.6.7.1}{\376\377\0006\000.\0007\000.\0001\000\040\000D\000e\000t\000a\000i\000l\000e\000d\000\040\000D\000e\000s\000c\000r\000i\000p\000t\000i\000o\000n}{section.6.7}% 102
\BOOKMARK [2][-]{subsection.6.7.2}{\376\377\0006\000.\0007\000.\0002\000\040\000C\000o\000n\000s\000t\000r\000u\000c\000t\000o\000r\000\040\000\046\000\040\000D\000e\000s\000t\000r\000u\000c\000t\000o\000r\000\040\000D\000o\000c\000u\000m\000e\000n\000t\000a\000t\000i\000o\000n}{section.6.7}% 103
\BOOKMARK [3][-]{subsubsection.6.7.2.1}{\376\377\0006\000.\0007\000.\0002\000.\0001\000\040\000N\000e\000t\000w\000o\000r\000k\000M\000a\000n\000a\000g\000e\000r\000\050\000\051}{subsection.6.7.2}% 104
\BOOKMARK [2][-]{subsection.6.7.3}{\376\377\0006\000.\0007\000.\0003\000\040\000M\000e\000m\000b\000e\000r\000\040\000F\000u\000n\000c\000t\000i\000o\000n\000\040\000D\000o\000c\000u\000m\000e\000n\000t\000a\000t\000i\000o\000n}{section.6.7}% 105
\BOOKMARK [3][-]{subsubsection.6.7.3.1}{\376\377\0006\000.\0007\000.\0003\000.\0001\000\040\000c\000o\000n\000n\000e\000c\000t\000e\000d}{subsection.6.7.3}% 106
\BOOKMARK [3][-]{subsubsection.6.7.3.2}{\376\377\0006\000.\0007\000.\0003\000.\0002\000\040\000c\000o\000n\000n\000e\000c\000t\000T\000o\000S\000e\000r\000v\000e\000r\000\050\000\051}{subsection.6.7.3}% 107
\BOOKMARK [3][-]{subsubsection.6.7.3.3}{\376\377\0006\000.\0007\000.\0003\000.\0003\000\040\000d\000i\000s\000c\000o\000n\000n\000e\000c\000t\000e\000d}{subsection.6.7.3}% 108
\BOOKMARK [3][-]{subsubsection.6.7.3.4}{\376\377\0006\000.\0007\000.\0003\000.\0004\000\040\000e\000r\000r\000o\000r\000O\000c\000c\000u\000r\000r\000e\000d}{subsection.6.7.3}% 109
\BOOKMARK [3][-]{subsubsection.6.7.3.5}{\376\377\0006\000.\0007\000.\0003\000.\0005\000\040\000m\000e\000s\000s\000a\000g\000e\000R\000e\000c\000e\000i\000v\000e\000d}{subsection.6.7.3}% 110
\BOOKMARK [3][-]{subsubsection.6.7.3.6}{\376\377\0006\000.\0007\000.\0003\000.\0006\000\040\000m\000e\000s\000s\000a\000g\000e\000S\000e\000n\000t}{subsection.6.7.3}% 111
\BOOKMARK [3][-]{subsubsection.6.7.3.7}{\376\377\0006\000.\0007\000.\0003\000.\0007\000\040\000o\000n\000C\000o\000n\000n\000e\000c\000t\000e\000d}{subsection.6.7.3}% 112
\BOOKMARK [3][-]{subsubsection.6.7.3.8}{\376\377\0006\000.\0007\000.\0003\000.\0008\000\040\000o\000n\000D\000i\000s\000c\000o\000n\000n\000e\000c\000t\000e\000d}{subsection.6.7.3}% 113
\BOOKMARK [3][-]{subsubsection.6.7.3.9}{\376\377\0006\000.\0007\000.\0003\000.\0009\000\040\000o\000n\000E\000r\000r\000o\000r}{subsection.6.7.3}% 114
\BOOKMARK [3][-]{subsubsection.6.7.3.10}{\376\377\0006\000.\0007\000.\0003\000.\0001\0000\000\040\000o\000n\000S\000o\000c\000k\000e\000t\000R\000e\000a\000d\000y\000R\000e\000a\000d}{subsection.6.7.3}% 115
\BOOKMARK [3][-]{subsubsection.6.7.3.11}{\376\377\0006\000.\0007\000.\0003\000.\0001\0001\000\040\000s\000e\000n\000d\000M\000e\000s\000s\000a\000g\000e\000\050\000\051}{subsection.6.7.3}% 116
\BOOKMARK [2][-]{subsection.6.7.4}{\376\377\0006\000.\0007\000.\0004\000\040\000M\000e\000m\000b\000e\000r\000\040\000D\000a\000t\000a\000\040\000D\000o\000c\000u\000m\000e\000n\000t\000a\000t\000i\000o\000n}{section.6.7}% 117
\BOOKMARK [3][-]{subsubsection.6.7.4.1}{\376\377\0006\000.\0007\000.\0004\000.\0001\000\040\000s\000o\000c\000k\000e\000t\000\137}{subsection.6.7.4}% 118
\BOOKMARK [1][-]{section.6.8}{\376\377\0006\000.\0008\000\040\000P\000l\000a\000y\000e\000r\000\040\000C\000l\000a\000s\000s\000\040\000R\000e\000f\000e\000r\000e\000n\000c\000e}{chapter.6}% 119
\BOOKMARK [2][-]{subsection.6.8.1}{\376\377\0006\000.\0008\000.\0001\000\040\000D\000e\000t\000a\000i\000l\000e\000d\000\040\000D\000e\000s\000c\000r\000i\000p\000t\000i\000o\000n}{section.6.8}% 120
\BOOKMARK [2][-]{subsection.6.8.2}{\376\377\0006\000.\0008\000.\0002\000\040\000C\000o\000n\000s\000t\000r\000u\000c\000t\000o\000r\000\040\000\046\000\040\000D\000e\000s\000t\000r\000u\000c\000t\000o\000r\000\040\000D\000o\000c\000u\000m\000e\000n\000t\000a\000t\000i\000o\000n}{section.6.8}% 121
\BOOKMARK [3][-]{subsubsection.6.8.2.1}{\376\377\0006\000.\0008\000.\0002\000.\0001\000\040\000P\000l\000a\000y\000e\000r\000\050\000\051}{subsection.6.8.2}% 122
\BOOKMARK [3][-]{subsubsection.6.8.2.2}{\376\377\0006\000.\0008\000.\0002\000.\0002\000\040\000~\000P\000l\000a\000y\000e\000r\000\050\000\051}{subsection.6.8.2}% 123
\BOOKMARK [2][-]{subsection.6.8.3}{\376\377\0006\000.\0008\000.\0003\000\040\000M\000e\000m\000b\000e\000r\000\040\000F\000u\000n\000c\000t\000i\000o\000n\000\040\000D\000o\000c\000u\000m\000e\000n\000t\000a\000t\000i\000o\000n}{section.6.8}% 124
\BOOKMARK [3][-]{subsubsection.6.8.3.1}{\376\377\0006\000.\0008\000.\0003\000.\0001\000\040\000p\000l\000a\000y\000\050\000\051}{subsection.6.8.3}% 125
\BOOKMARK [3][-]{subsubsection.6.8.3.2}{\376\377\0006\000.\0008\000.\0003\000.\0002\000\040\000p\000l\000a\000y\000e\000r\000F\000i\000n\000i\000s\000h\000e\000d}{subsection.6.8.3}% 126
\BOOKMARK [2][-]{subsection.6.8.4}{\376\377\0006\000.\0008\000.\0004\000\040\000M\000e\000m\000b\000e\000r\000\040\000D\000a\000t\000a\000\040\000D\000o\000c\000u\000m\000e\000n\000t\000a\000t\000i\000o\000n}{section.6.8}% 127
\BOOKMARK [3][-]{subsubsection.6.8.4.1}{\376\377\0006\000.\0008\000.\0004\000.\0001\000\040\000b\000o\000a\000r\000d\000\137}{subsection.6.8.4}% 128
\BOOKMARK [3][-]{subsubsection.6.8.4.2}{\376\377\0006\000.\0008\000.\0004\000.\0002\000\040\000m\000a\000r\000k\000\137}{subsection.6.8.4}% 129
\BOOKMARK [1][-]{section.6.9}{\376\377\0006\000.\0009\000\040\000S\000p\000e\000e\000c\000h\000M\000a\000n\000a\000g\000e\000r\000\040\000C\000l\000a\000s\000s\000\040\000R\000e\000f\000e\000r\000e\000n\000c\000e}{chapter.6}% 130
\BOOKMARK [2][-]{subsection.6.9.1}{\376\377\0006\000.\0009\000.\0001\000\040\000D\000e\000t\000a\000i\000l\000e\000d\000\040\000D\000e\000s\000c\000r\000i\000p\000t\000i\000o\000n}{section.6.9}% 131
\BOOKMARK [2][-]{subsection.6.9.2}{\376\377\0006\000.\0009\000.\0002\000\040\000C\000o\000n\000s\000t\000r\000u\000c\000t\000o\000r\000\040\000\046\000\040\000D\000e\000s\000t\000r\000u\000c\000t\000o\000r\000\040\000D\000o\000c\000u\000m\000e\000n\000t\000a\000t\000i\000o\000n}{section.6.9}% 132
\BOOKMARK [3][-]{subsubsection.6.9.2.1}{\376\377\0006\000.\0009\000.\0002\000.\0001\000\040\000S\000p\000e\000e\000c\000h\000M\000a\000n\000a\000g\000e\000r\000\050\000\051}{subsection.6.9.2}% 133
\BOOKMARK [3][-]{subsubsection.6.9.2.2}{\376\377\0006\000.\0009\000.\0002\000.\0002\000\040\000~\000S\000p\000e\000e\000c\000h\000M\000a\000n\000a\000g\000e\000r\000\050\000\051}{subsection.6.9.2}% 134
\BOOKMARK [2][-]{subsection.6.9.3}{\376\377\0006\000.\0009\000.\0003\000\040\000M\000e\000m\000b\000e\000r\000\040\000F\000u\000n\000c\000t\000i\000o\000n\000\040\000D\000o\000c\000u\000m\000e\000n\000t\000a\000t\000i\000o\000n}{section.6.9}% 135
\BOOKMARK [3][-]{subsubsection.6.9.3.1}{\376\377\0006\000.\0009\000.\0003\000.\0001\000\040\000c\000o\000n\000f\000i\000g\000u\000r\000e\000\050\000\051}{subsection.6.9.3}% 136
\BOOKMARK [3][-]{subsubsection.6.9.3.2}{\376\377\0006\000.\0009\000.\0003\000.\0002\000\040\000f\000r\000e\000e\000H\000e\000a\000p\000\050\000\051}{subsection.6.9.3}% 137
\BOOKMARK [3][-]{subsubsection.6.9.3.3}{\376\377\0006\000.\0009\000.\0003\000.\0003\000\040\000h\000y\000p\000I\000s\000V\000a\000l\000i\000d\000\050\000\051}{subsection.6.9.3}% 138
\BOOKMARK [3][-]{subsubsection.6.9.3.4}{\376\377\0006\000.\0009\000.\0003\000.\0004\000\040\000i\000n\000i\000t\000\050\000\051}{subsection.6.9.3}% 139
\BOOKMARK [3][-]{subsubsection.6.9.3.5}{\376\377\0006\000.\0009\000.\0003\000.\0005\000\040\000p\000r\000o\000c\000e\000s\000s\000R\000e\000c\000o\000g\000n\000i\000t\000i\000o\000n\000R\000e\000s\000u\000l\000t}{subsection.6.9.3}% 140
\BOOKMARK [3][-]{subsubsection.6.9.3.6}{\376\377\0006\000.\0009\000.\0003\000.\0006\000\040\000s\000p\000e\000e\000c\000h\000R\000e\000a\000d\000y\000T\000o\000P\000r\000o\000c\000e\000s\000s}{subsection.6.9.3}% 141
\BOOKMARK [3][-]{subsubsection.6.9.3.7}{\376\377\0006\000.\0009\000.\0003\000.\0007\000\040\000s\000p\000e\000e\000c\000h\000R\000e\000c\000o\000g\000n\000i\000z\000e\000d}{subsection.6.9.3}% 142
\BOOKMARK [3][-]{subsubsection.6.9.3.8}{\376\377\0006\000.\0009\000.\0003\000.\0008\000\040\000s\000t\000a\000r\000t\000L\000i\000s\000t\000e\000n\000i\000n\000g\000\050\000\051}{subsection.6.9.3}% 143
\BOOKMARK [2][-]{subsection.6.9.4}{\376\377\0006\000.\0009\000.\0004\000\040\000M\000e\000m\000b\000e\000r\000\040\000D\000a\000t\000a\000\040\000D\000o\000c\000u\000m\000e\000n\000t\000a\000t\000i\000o\000n}{section.6.9}% 144
\BOOKMARK [3][-]{subsubsection.6.9.4.1}{\376\377\0006\000.\0009\000.\0004\000.\0001\000\040\000c\000o\000n\000f\000i\000g\000\137}{subsection.6.9.4}% 145
\BOOKMARK [3][-]{subsubsection.6.9.4.2}{\376\377\0006\000.\0009\000.\0004\000.\0002\000\040\000d\000e\000c\000o\000d\000e\000r\000\137}{subsection.6.9.4}% 146
\BOOKMARK [3][-]{subsubsection.6.9.4.3}{\376\377\0006\000.\0009\000.\0004\000.\0003\000\040\000e\000p\000\137}{subsection.6.9.4}% 147
\BOOKMARK [3][-]{subsubsection.6.9.4.4}{\376\377\0006\000.\0009\000.\0004\000.\0004\000\040\000e\000r\000r\000\137}{subsection.6.9.4}% 148
\BOOKMARK [3][-]{subsubsection.6.9.4.5}{\376\377\0006\000.\0009\000.\0004\000.\0005\000\040\000f\000r\000a\000m\000e\000\137}{subsection.6.9.4}% 149
\BOOKMARK [3][-]{subsubsection.6.9.4.6}{\376\377\0006\000.\0009\000.\0004\000.\0006\000\040\000f\000r\000a\000m\000e\000\137\000s\000i\000z\000e\000\137}{subsection.6.9.4}% 150
\BOOKMARK [3][-]{subsubsection.6.9.4.7}{\376\377\0006\000.\0009\000.\0004\000.\0007\000\040\000h\000y\000p\000\137}{subsection.6.9.4}% 151
\BOOKMARK [3][-]{subsubsection.6.9.4.8}{\376\377\0006\000.\0009\000.\0004\000.\0008\000\040\000s\000t\000r\000e\000a\000m\000\137}{subsection.6.9.4}% 152
\BOOKMARK [1][-]{section.6.10}{\376\377\0006\000.\0001\0000\000\040\000T\000i\000c\000T\000a\000c\000T\000o\000e\000G\000a\000m\000e\000\040\000C\000l\000a\000s\000s\000\040\000R\000e\000f\000e\000r\000e\000n\000c\000e}{chapter.6}% 153
\BOOKMARK [2][-]{subsection.6.10.1}{\376\377\0006\000.\0001\0000\000.\0001\000\040\000D\000e\000t\000a\000i\000l\000e\000d\000\040\000D\000e\000s\000c\000r\000i\000p\000t\000i\000o\000n}{section.6.10}% 154
\BOOKMARK [2][-]{subsection.6.10.2}{\376\377\0006\000.\0001\0000\000.\0002\000\040\000C\000o\000n\000s\000t\000r\000u\000c\000t\000o\000r\000\040\000\046\000\040\000D\000e\000s\000t\000r\000u\000c\000t\000o\000r\000\040\000D\000o\000c\000u\000m\000e\000n\000t\000a\000t\000i\000o\000n}{section.6.10}% 155
\BOOKMARK [3][-]{subsubsection.6.10.2.1}{\376\377\0006\000.\0001\0000\000.\0002\000.\0001\000\040\000T\000i\000c\000T\000a\000c\000T\000o\000e\000G\000a\000m\000e\000\050\000\051}{subsection.6.10.2}% 156
\BOOKMARK [2][-]{subsection.6.10.3}{\376\377\0006\000.\0001\0000\000.\0003\000\040\000M\000e\000m\000b\000e\000r\000\040\000F\000u\000n\000c\000t\000i\000o\000n\000\040\000D\000o\000c\000u\000m\000e\000n\000t\000a\000t\000i\000o\000n}{section.6.10}% 157
\BOOKMARK [3][-]{subsubsection.6.10.3.1}{\376\377\0006\000.\0001\0000\000.\0003\000.\0001\000\040\000b\000u\000i\000l\000d\000C\000e\000l\000l\000B\000u\000t\000t\000o\000n\000s\000\050\000\051}{subsection.6.10.3}% 158
\BOOKMARK [3][-]{subsubsection.6.10.3.2}{\376\377\0006\000.\0001\0000\000.\0003\000.\0002\000\040\000d\000e\000c\000l\000a\000r\000e\000G\000a\000m\000e\000S\000t\000a\000t\000e\000\050\000\051}{subsection.6.10.3}% 159
\BOOKMARK [3][-]{subsubsection.6.10.3.3}{\376\377\0006\000.\0001\0000\000.\0003\000.\0003\000\040\000g\000e\000t\000B\000o\000a\000r\000d\000F\000i\000n\000a\000l\000S\000t\000a\000t\000e\000T\000e\000x\000t\000\050\000\051}{subsection.6.10.3}% 160
\BOOKMARK [3][-]{subsubsection.6.10.3.4}{\376\377\0006\000.\0001\0000\000.\0003\000.\0004\000\040\000g\000e\000t\000P\000l\000a\000y\000e\000r\000S\000t\000y\000l\000e\000S\000h\000e\000e\000t\000\050\000\051}{subsection.6.10.3}% 161
\BOOKMARK [3][-]{subsubsection.6.10.3.5}{\376\377\0006\000.\0001\0000\000.\0003\000.\0005\000\040\000g\000e\000t\000P\000l\000a\000y\000e\000r\000T\000e\000x\000t\000\050\000\051}{subsection.6.10.3}% 162
\BOOKMARK [3][-]{subsubsection.6.10.3.6}{\376\377\0006\000.\0001\0000\000.\0003\000.\0006\000\040\000g\000o\000B\000a\000c\000k}{subsection.6.10.3}% 163
\BOOKMARK [3][-]{subsubsection.6.10.3.7}{\376\377\0006\000.\0001\0000\000.\0003\000.\0007\000\040\000n\000e\000w\000G\000a\000m\000e}{subsection.6.10.3}% 164
\BOOKMARK [3][-]{subsubsection.6.10.3.8}{\376\377\0006\000.\0001\0000\000.\0003\000.\0008\000\040\000r\000e\000s\000e\000t\000\050\000\051}{subsection.6.10.3}% 165
\BOOKMARK [3][-]{subsubsection.6.10.3.9}{\376\377\0006\000.\0001\0000\000.\0003\000.\0009\000\040\000s\000e\000t\000C\000o\000n\000n\000e\000c\000t\000i\000o\000n\000s\000\050\000\051}{subsection.6.10.3}% 166
\BOOKMARK [3][-]{subsubsection.6.10.3.10}{\376\377\0006\000.\0001\0000\000.\0003\000.\0001\0000\000\040\000s\000e\000t\000L\000e\000d\000S\000t\000y\000l\000e\000\050\000\051}{subsection.6.10.3}% 167
\BOOKMARK [3][-]{subsubsection.6.10.3.11}{\376\377\0006\000.\0001\0000\000.\0003\000.\0001\0001\000\040\000u\000p\000d\000a\000t\000e\000C\000e\000l\000l\000\050\000\051}{subsection.6.10.3}% 168
\BOOKMARK [3][-]{subsubsection.6.10.3.12}{\376\377\0006\000.\0001\0000\000.\0003\000.\0001\0002\000\040\000u\000p\000d\000a\000t\000e\000C\000o\000n\000n\000e\000c\000t\000i\000o\000n\000S\000t\000a\000t\000u\000s\000\050\000\051}{subsection.6.10.3}% 169
\BOOKMARK [3][-]{subsubsection.6.10.3.13}{\376\377\0006\000.\0001\0000\000.\0003\000.\0001\0003\000\040\000u\000p\000d\000a\000t\000e\000R\000e\000c\000o\000r\000d\000i\000n\000g\000S\000t\000a\000t\000u\000s\000\050\000\051}{subsection.6.10.3}% 170
\BOOKMARK [3][-]{subsubsection.6.10.3.14}{\376\377\0006\000.\0001\0000\000.\0003\000.\0001\0004\000\040\000u\000p\000d\000a\000t\000e\000W\000a\000i\000t\000i\000n\000g\000S\000t\000a\000t\000u\000s\000\050\000\051}{subsection.6.10.3}% 171
\BOOKMARK [2][-]{subsection.6.10.4}{\376\377\0006\000.\0001\0000\000.\0004\000\040\000M\000e\000m\000b\000e\000r\000\040\000D\000a\000t\000a\000\040\000D\000o\000c\000u\000m\000e\000n\000t\000a\000t\000i\000o\000n}{section.6.10}% 172
\BOOKMARK [3][-]{subsubsection.6.10.4.1}{\376\377\0006\000.\0001\0000\000.\0004\000.\0001\000\040\000u\000i}{subsection.6.10.4}% 173
\BOOKMARK [3][-]{subsubsection.6.10.4.2}{\376\377\0006\000.\0001\0000\000.\0004\000.\0002\000\040\000w\000a\000i\000t\000e\000r}{subsection.6.10.4}% 174
\BOOKMARK [1][-]{section.6.11}{\376\377\0006\000.\0001\0001\000\040\000T\000i\000t\000l\000e\000S\000c\000r\000e\000e\000n\000\040\000C\000l\000a\000s\000s\000\040\000R\000e\000f\000e\000r\000e\000n\000c\000e}{chapter.6}% 175
\BOOKMARK [2][-]{subsection.6.11.1}{\376\377\0006\000.\0001\0001\000.\0001\000\040\000D\000e\000t\000a\000i\000l\000e\000d\000\040\000D\000e\000s\000c\000r\000i\000p\000t\000i\000o\000n}{section.6.11}% 176
\BOOKMARK [2][-]{subsection.6.11.2}{\376\377\0006\000.\0001\0001\000.\0002\000\040\000C\000o\000n\000s\000t\000r\000u\000c\000t\000o\000r\000\040\000\046\000\040\000D\000e\000s\000t\000r\000u\000c\000t\000o\000r\000\040\000D\000o\000c\000u\000m\000e\000n\000t\000a\000t\000i\000o\000n}{section.6.11}% 177
\BOOKMARK [3][-]{subsubsection.6.11.2.1}{\376\377\0006\000.\0001\0001\000.\0002\000.\0001\000\040\000T\000i\000t\000l\000e\000S\000c\000r\000e\000e\000n\000\050\000\051}{subsection.6.11.2}% 178
\BOOKMARK [2][-]{subsection.6.11.3}{\376\377\0006\000.\0001\0001\000.\0003\000\040\000M\000e\000m\000b\000e\000r\000\040\000F\000u\000n\000c\000t\000i\000o\000n\000\040\000D\000o\000c\000u\000m\000e\000n\000t\000a\000t\000i\000o\000n}{section.6.11}% 179
\BOOKMARK [3][-]{subsubsection.6.11.3.1}{\376\377\0006\000.\0001\0001\000.\0003\000.\0001\000\040\000c\000l\000o\000s\000e\000E\000v\000e\000n\000t\000\050\000\051}{subsection.6.11.3}% 180
\BOOKMARK [3][-]{subsubsection.6.11.3.2}{\376\377\0006\000.\0001\0001\000.\0003\000.\0002\000\040\000e\000x\000i\000t\000e\000d}{subsection.6.11.3}% 181
\BOOKMARK [3][-]{subsubsection.6.11.3.3}{\376\377\0006\000.\0001\0001\000.\0003\000.\0003\000\040\000s\000e\000t\000C\000o\000n\000n\000e\000c\000t\000i\000o\000n\000s\000\050\000\051}{subsection.6.11.3}% 182
\BOOKMARK [3][-]{subsubsection.6.11.3.4}{\376\377\0006\000.\0001\0001\000.\0003\000.\0004\000\040\000s\000t\000a\000r\000t\000G\000a\000m\000e}{subsection.6.11.3}% 183
\BOOKMARK [3][-]{subsubsection.6.11.3.5}{\376\377\0006\000.\0001\0001\000.\0003\000.\0005\000\040\000u\000p\000d\000a\000t\000e\000A\000I\000s\000t\000a\000r\000t\000s\000G\000a\000m\000e}{subsection.6.11.3}% 184
\BOOKMARK [3][-]{subsubsection.6.11.3.6}{\376\377\0006\000.\0001\0001\000.\0003\000.\0006\000\040\000u\000p\000d\000a\000t\000e\000M\000i\000n\000i\000M\000a\000x\000D\000e\000p\000t\000h}{subsection.6.11.3}% 185
\BOOKMARK [3][-]{subsubsection.6.11.3.7}{\376\377\0006\000.\0001\0001\000.\0003\000.\0007\000\040\000u\000p\000d\000a\000t\000e\000S\000i\000n\000g\000l\000e\000P\000l\000a\000y\000e\000r}{subsection.6.11.3}% 186
\BOOKMARK [3][-]{subsubsection.6.11.3.8}{\376\377\0006\000.\0001\0001\000.\0003\000.\0008\000\040\000u\000p\000d\000a\000t\000e\000T\000w\000o\000P\000l\000a\000y\000e\000r\000s}{subsection.6.11.3}% 187
\BOOKMARK [2][-]{subsection.6.11.4}{\376\377\0006\000.\0001\0001\000.\0004\000\040\000M\000e\000m\000b\000e\000r\000\040\000D\000a\000t\000a\000\040\000D\000o\000c\000u\000m\000e\000n\000t\000a\000t\000i\000o\000n}{section.6.11}% 188
\BOOKMARK [3][-]{subsubsection.6.11.4.1}{\376\377\0006\000.\0001\0001\000.\0004\000.\0001\000\040\000o\000p\000t\000i\000o\000n\000s\000\137}{subsection.6.11.4}% 189
\BOOKMARK [3][-]{subsubsection.6.11.4.2}{\376\377\0006\000.\0001\0001\000.\0004\000.\0002\000\040\000u\000i}{subsection.6.11.4}% 190
\BOOKMARK [1][-]{section.6.12}{\376\377\0006\000.\0001\0002\000\040\000T\000T\000T\000C\000o\000n\000t\000r\000o\000l\000l\000e\000r\000\040\000C\000l\000a\000s\000s\000\040\000R\000e\000f\000e\000r\000e\000n\000c\000e}{chapter.6}% 191
\BOOKMARK [2][-]{subsection.6.12.1}{\376\377\0006\000.\0001\0002\000.\0001\000\040\000D\000e\000t\000a\000i\000l\000e\000d\000\040\000D\000e\000s\000c\000r\000i\000p\000t\000i\000o\000n}{section.6.12}% 192
\BOOKMARK [2][-]{subsection.6.12.2}{\376\377\0006\000.\0001\0002\000.\0002\000\040\000C\000o\000n\000s\000t\000r\000u\000c\000t\000o\000r\000\040\000\046\000\040\000D\000e\000s\000t\000r\000u\000c\000t\000o\000r\000\040\000D\000o\000c\000u\000m\000e\000n\000t\000a\000t\000i\000o\000n}{section.6.12}% 193
\BOOKMARK [3][-]{subsubsection.6.12.2.1}{\376\377\0006\000.\0001\0002\000.\0002\000.\0001\000\040\000T\000T\000T\000C\000o\000n\000t\000r\000o\000l\000l\000e\000r\000\050\000\051}{subsection.6.12.2}% 194
\BOOKMARK [2][-]{subsection.6.12.3}{\376\377\0006\000.\0001\0002\000.\0003\000\040\000M\000e\000m\000b\000e\000r\000\040\000F\000u\000n\000c\000t\000i\000o\000n\000\040\000D\000o\000c\000u\000m\000e\000n\000t\000a\000t\000i\000o\000n}{section.6.12}% 195
\BOOKMARK [3][-]{subsubsection.6.12.3.1}{\376\377\0006\000.\0001\0002\000.\0003\000.\0001\000\040\000g\000e\000t\000V\000i\000e\000w\000\050\000\051}{subsection.6.12.3}% 196
\BOOKMARK [3][-]{subsubsection.6.12.3.2}{\376\377\0006\000.\0001\0002\000.\0003\000.\0002\000\040\000o\000n\000N\000e\000t\000w\000o\000r\000k\000M\000e\000s\000s\000a\000g\000e\000R\000e\000c\000e\000i\000v\000e\000d}{subsection.6.12.3}% 197
\BOOKMARK [3][-]{subsubsection.6.12.3.3}{\376\377\0006\000.\0001\0002\000.\0003\000.\0003\000\040\000p\000l\000a\000y\000T\000u\000r\000n}{subsection.6.12.3}% 198
\BOOKMARK [3][-]{subsubsection.6.12.3.4}{\376\377\0006\000.\0001\0002\000.\0003\000.\0004\000\040\000r\000e\000s\000e\000t\000\050\000\051}{subsection.6.12.3}% 199
\BOOKMARK [3][-]{subsubsection.6.12.3.5}{\376\377\0006\000.\0001\0002\000.\0003\000.\0005\000\040\000s\000e\000n\000d\000M\000e\000s\000s\000a\000g\000e}{subsection.6.12.3}% 200
\BOOKMARK [3][-]{subsubsection.6.12.3.6}{\376\377\0006\000.\0001\0002\000.\0003\000.\0006\000\040\000s\000e\000t\000C\000o\000n\000n\000e\000c\000t\000i\000o\000n\000s\000\050\000\051}{subsection.6.12.3}% 201
\BOOKMARK [3][-]{subsubsection.6.12.3.7}{\376\377\0006\000.\0001\0002\000.\0003\000.\0007\000\040\000s\000t\000a\000r\000t\000G\000a\000m\000e\000\050\000\051}{subsection.6.12.3}% 202
\BOOKMARK [3][-]{subsubsection.6.12.3.8}{\376\377\0006\000.\0001\0002\000.\0003\000.\0008\000\040\000s\000w\000i\000t\000c\000h\000P\000l\000a\000y\000e\000r\000\050\000\051}{subsection.6.12.3}% 203
\BOOKMARK [3][-]{subsubsection.6.12.3.9}{\376\377\0006\000.\0001\0002\000.\0003\000.\0009\000\040\000u\000p\000d\000a\000t\000e\000G\000a\000m\000e}{subsection.6.12.3}% 204
\BOOKMARK [3][-]{subsubsection.6.12.3.10}{\376\377\0006\000.\0001\0002\000.\0003\000.\0001\0000\000\040\000u\000p\000d\000a\000t\000e\000G\000a\000m\000e\000S\000t\000a\000t\000e\000\050\000\051}{subsection.6.12.3}% 205
\BOOKMARK [2][-]{subsection.6.12.4}{\376\377\0006\000.\0001\0002\000.\0004\000\040\000M\000e\000m\000b\000e\000r\000\040\000D\000a\000t\000a\000\040\000D\000o\000c\000u\000m\000e\000n\000t\000a\000t\000i\000o\000n}{section.6.12}% 206
\BOOKMARK [3][-]{subsubsection.6.12.4.1}{\376\377\0006\000.\0001\0002\000.\0004\000.\0001\000\040\000b\000o\000a\000r\000d\000\137}{subsection.6.12.4}% 207
\BOOKMARK [3][-]{subsubsection.6.12.4.2}{\376\377\0006\000.\0001\0002\000.\0004\000.\0002\000\040\000c\000e\000l\000l\000s\000\137}{subsection.6.12.4}% 208
\BOOKMARK [3][-]{subsubsection.6.12.4.3}{\376\377\0006\000.\0001\0002\000.\0004\000.\0003\000\040\000c\000u\000r\000r\000e\000n\000t\000P\000l\000a\000y\000e\000r\000\137}{subsection.6.12.4}% 209
\BOOKMARK [3][-]{subsubsection.6.12.4.4}{\376\377\0006\000.\0001\0002\000.\0004\000.\0004\000\040\000n\000e\000t\000w\000o\000r\000k\000\137}{subsection.6.12.4}% 210
\BOOKMARK [3][-]{subsubsection.6.12.4.5}{\376\377\0006\000.\0001\0002\000.\0004\000.\0005\000\040\000o\000p\000t\000i\000o\000n\000s\000\137}{subsection.6.12.4}% 211
\BOOKMARK [3][-]{subsubsection.6.12.4.6}{\376\377\0006\000.\0001\0002\000.\0004\000.\0006\000\040\000p\000l\000a\000y\000e\000r\000O\000\137}{subsection.6.12.4}% 212
\BOOKMARK [3][-]{subsubsection.6.12.4.7}{\376\377\0006\000.\0001\0002\000.\0004\000.\0007\000\040\000p\000l\000a\000y\000e\000r\000X\000\137}{subsection.6.12.4}% 213
\BOOKMARK [3][-]{subsubsection.6.12.4.8}{\376\377\0006\000.\0001\0002\000.\0004\000.\0008\000\040\000v\000i\000e\000w\000\137}{subsection.6.12.4}% 214
\BOOKMARK [1][-]{section.6.13}{\376\377\0006\000.\0001\0003\000\040\000T\000T\000T\000O\000p\000t\000i\000o\000n\000s\000\040\000S\000t\000r\000u\000c\000t\000\040\000R\000e\000f\000e\000r\000e\000n\000c\000e}{chapter.6}% 215
\BOOKMARK [2][-]{subsection.6.13.1}{\376\377\0006\000.\0001\0003\000.\0001\000\040\000D\000e\000t\000a\000i\000l\000e\000d\000\040\000D\000e\000s\000c\000r\000i\000p\000t\000i\000o\000n}{section.6.13}% 216
\BOOKMARK [2][-]{subsection.6.13.2}{\376\377\0006\000.\0001\0003\000.\0002\000\040\000M\000e\000m\000b\000e\000r\000\040\000D\000a\000t\000a\000\040\000D\000o\000c\000u\000m\000e\000n\000t\000a\000t\000i\000o\000n}{section.6.13}% 217
\BOOKMARK [3][-]{subsubsection.6.13.2.1}{\376\377\0006\000.\0001\0003\000.\0002\000.\0001\000\040\000A\000I\000o\000p\000p\000o\000n\000e\000n\000t}{subsection.6.13.2}% 218
\BOOKMARK [3][-]{subsubsection.6.13.2.2}{\376\377\0006\000.\0001\0003\000.\0002\000.\0002\000\040\000A\000I\000s\000t\000a\000r\000t\000s}{subsection.6.13.2}% 219
\BOOKMARK [3][-]{subsubsection.6.13.2.3}{\376\377\0006\000.\0001\0003\000.\0002\000.\0003\000\040\000b\000o\000a\000r\000d\000S\000i\000z\000e}{subsection.6.13.2}% 220
\BOOKMARK [3][-]{subsubsection.6.13.2.4}{\376\377\0006\000.\0001\0003\000.\0002\000.\0004\000\040\000m\000i\000n\000i\000M\000a\000x\000D\000e\000p\000t\000h}{subsection.6.13.2}% 221
\BOOKMARK [1][-]{section.6.14}{\376\377\0006\000.\0001\0004\000\040\000W\000a\000i\000t\000i\000n\000g\000S\000p\000i\000n\000n\000e\000r\000W\000i\000d\000g\000e\000t\000\040\000C\000l\000a\000s\000s\000\040\000R\000e\000f\000e\000r\000e\000n\000c\000e}{chapter.6}% 222
\BOOKMARK [2][-]{subsection.6.14.1}{\376\377\0006\000.\0001\0004\000.\0001\000\040\000C\000o\000n\000s\000t\000r\000u\000c\000t\000o\000r\000\040\000\046\000\040\000D\000e\000s\000t\000r\000u\000c\000t\000o\000r\000\040\000D\000o\000c\000u\000m\000e\000n\000t\000a\000t\000i\000o\000n}{section.6.14}% 223
\BOOKMARK [3][-]{subsubsection.6.14.1.1}{\376\377\0006\000.\0001\0004\000.\0001\000.\0001\000\040\000W\000a\000i\000t\000i\000n\000g\000S\000p\000i\000n\000n\000e\000r\000W\000i\000d\000g\000e\000t\000\050\000\051\000\040\000[\0001\000/\0003\000]}{subsection.6.14.1}% 224
\BOOKMARK [3][-]{subsubsection.6.14.1.2}{\376\377\0006\000.\0001\0004\000.\0001\000.\0002\000\040\000W\000a\000i\000t\000i\000n\000g\000S\000p\000i\000n\000n\000e\000r\000W\000i\000d\000g\000e\000t\000\050\000\051\000\040\000[\0002\000/\0003\000]}{subsection.6.14.1}% 225
\BOOKMARK [3][-]{subsubsection.6.14.1.3}{\376\377\0006\000.\0001\0004\000.\0001\000.\0003\000\040\000W\000a\000i\000t\000i\000n\000g\000S\000p\000i\000n\000n\000e\000r\000W\000i\000d\000g\000e\000t\000\050\000\051\000\040\000[\0003\000/\0003\000]}{subsection.6.14.1}% 226
\BOOKMARK [2][-]{subsection.6.14.2}{\376\377\0006\000.\0001\0004\000.\0002\000\040\000M\000e\000m\000b\000e\000r\000\040\000F\000u\000n\000c\000t\000i\000o\000n\000\040\000D\000o\000c\000u\000m\000e\000n\000t\000a\000t\000i\000o\000n}{section.6.14}% 227
\BOOKMARK [3][-]{subsubsection.6.14.2.1}{\376\377\0006\000.\0001\0004\000.\0002\000.\0001\000\040\000c\000o\000l\000o\000r\000\050\000\051}{subsection.6.14.2}% 228
\BOOKMARK [3][-]{subsubsection.6.14.2.2}{\376\377\0006\000.\0001\0004\000.\0002\000.\0002\000\040\000c\000u\000r\000r\000e\000n\000t\000L\000i\000n\000e\000C\000o\000l\000o\000r\000\050\000\051}{subsection.6.14.2}% 229
\BOOKMARK [3][-]{subsubsection.6.14.2.3}{\376\377\0006\000.\0001\0004\000.\0002\000.\0003\000\040\000i\000n\000i\000t\000i\000a\000l\000i\000z\000e\000\050\000\051}{subsection.6.14.2}% 230
\BOOKMARK [3][-]{subsubsection.6.14.2.4}{\376\377\0006\000.\0001\0004\000.\0002\000.\0004\000\040\000i\000n\000n\000e\000r\000R\000a\000d\000i\000u\000s\000\050\000\051}{subsection.6.14.2}% 231
\BOOKMARK [3][-]{subsubsection.6.14.2.5}{\376\377\0006\000.\0001\0004\000.\0002\000.\0005\000\040\000i\000s\000S\000p\000i\000n\000n\000i\000n\000g\000\050\000\051}{subsection.6.14.2}% 232
\BOOKMARK [3][-]{subsubsection.6.14.2.6}{\376\377\0006\000.\0001\0004\000.\0002\000.\0006\000\040\000l\000i\000n\000e\000C\000o\000u\000n\000t\000D\000i\000s\000t\000a\000n\000c\000e\000F\000r\000o\000m\000P\000r\000i\000m\000a\000r\000y\000\050\000\051}{subsection.6.14.2}% 233
\BOOKMARK [3][-]{subsubsection.6.14.2.7}{\376\377\0006\000.\0001\0004\000.\0002\000.\0007\000\040\000l\000i\000n\000e\000L\000e\000n\000g\000t\000h\000\050\000\051}{subsection.6.14.2}% 234
\BOOKMARK [3][-]{subsubsection.6.14.2.8}{\376\377\0006\000.\0001\0004\000.\0002\000.\0008\000\040\000l\000i\000n\000e\000W\000i\000d\000t\000h\000\050\000\051}{subsection.6.14.2}% 235
\BOOKMARK [3][-]{subsubsection.6.14.2.9}{\376\377\0006\000.\0001\0004\000.\0002\000.\0009\000\040\000m\000i\000n\000i\000m\000u\000m\000T\000r\000a\000i\000l\000O\000p\000a\000c\000i\000t\000y\000\050\000\051}{subsection.6.14.2}% 236
\BOOKMARK [3][-]{subsubsection.6.14.2.10}{\376\377\0006\000.\0001\0004\000.\0002\000.\0001\0000\000\040\000n\000u\000m\000b\000e\000r\000O\000f\000L\000i\000n\000e\000s\000\050\000\051}{subsection.6.14.2}% 237
\BOOKMARK [3][-]{subsubsection.6.14.2.11}{\376\377\0006\000.\0001\0004\000.\0002\000.\0001\0001\000\040\000o\000p\000e\000r\000a\000t\000o\000r\000=\000\050\000\051}{subsection.6.14.2}% 238
\BOOKMARK [3][-]{subsubsection.6.14.2.12}{\376\377\0006\000.\0001\0004\000.\0002\000.\0001\0002\000\040\000p\000a\000i\000n\000t\000E\000v\000e\000n\000t\000\050\000\051}{subsection.6.14.2}% 239
\BOOKMARK [3][-]{subsubsection.6.14.2.13}{\376\377\0006\000.\0001\0004\000.\0002\000.\0001\0003\000\040\000r\000e\000v\000o\000l\000u\000t\000i\000o\000n\000s\000P\000e\000r\000s\000S\000e\000c\000o\000n\000d\000\050\000\051}{subsection.6.14.2}% 240
\BOOKMARK [3][-]{subsubsection.6.14.2.14}{\376\377\0006\000.\0001\0004\000.\0002\000.\0001\0004\000\040\000r\000o\000t\000a\000t\000e}{subsection.6.14.2}% 241
\BOOKMARK [3][-]{subsubsection.6.14.2.15}{\376\377\0006\000.\0001\0004\000.\0002\000.\0001\0005\000\040\000r\000o\000u\000n\000d\000n\000e\000s\000s\000\050\000\051}{subsection.6.14.2}% 242
\BOOKMARK [3][-]{subsubsection.6.14.2.16}{\376\377\0006\000.\0001\0004\000.\0002\000.\0001\0006\000\040\000s\000e\000t\000C\000o\000l\000o\000r\000\050\000\051}{subsection.6.14.2}% 243
\BOOKMARK [3][-]{subsubsection.6.14.2.17}{\376\377\0006\000.\0001\0004\000.\0002\000.\0001\0007\000\040\000s\000e\000t\000I\000n\000n\000e\000r\000R\000a\000d\000i\000u\000s\000\050\000\051}{subsection.6.14.2}% 244
\BOOKMARK [3][-]{subsubsection.6.14.2.18}{\376\377\0006\000.\0001\0004\000.\0002\000.\0001\0008\000\040\000s\000e\000t\000L\000i\000n\000e\000L\000e\000n\000g\000t\000h\000\050\000\051}{subsection.6.14.2}% 245
\BOOKMARK [3][-]{subsubsection.6.14.2.19}{\376\377\0006\000.\0001\0004\000.\0002\000.\0001\0009\000\040\000s\000e\000t\000L\000i\000n\000e\000W\000i\000d\000t\000h\000\050\000\051}{subsection.6.14.2}% 246
\BOOKMARK [3][-]{subsubsection.6.14.2.20}{\376\377\0006\000.\0001\0004\000.\0002\000.\0002\0000\000\040\000s\000e\000t\000M\000i\000n\000i\000m\000u\000m\000T\000r\000a\000i\000l\000O\000p\000a\000c\000i\000t\000y\000\050\000\051}{subsection.6.14.2}% 247
\BOOKMARK [3][-]{subsubsection.6.14.2.21}{\376\377\0006\000.\0001\0004\000.\0002\000.\0002\0001\000\040\000s\000e\000t\000N\000u\000m\000b\000e\000r\000O\000f\000L\000i\000n\000e\000s\000\050\000\051}{subsection.6.14.2}% 248
\BOOKMARK [3][-]{subsubsection.6.14.2.22}{\376\377\0006\000.\0001\0004\000.\0002\000.\0002\0002\000\040\000s\000e\000t\000R\000e\000v\000o\000l\000u\000t\000i\000o\000n\000s\000P\000e\000r\000S\000e\000c\000o\000n\000d\000\050\000\051}{subsection.6.14.2}% 249
\BOOKMARK [3][-]{subsubsection.6.14.2.23}{\376\377\0006\000.\0001\0004\000.\0002\000.\0002\0003\000\040\000s\000e\000t\000R\000o\000u\000n\000d\000n\000e\000s\000s\000\050\000\051}{subsection.6.14.2}% 250
\BOOKMARK [3][-]{subsubsection.6.14.2.24}{\376\377\0006\000.\0001\0004\000.\0002\000.\0002\0004\000\040\000s\000e\000t\000T\000e\000x\000t\000\050\000\051}{subsection.6.14.2}% 251
\BOOKMARK [3][-]{subsubsection.6.14.2.25}{\376\377\0006\000.\0001\0004\000.\0002\000.\0002\0005\000\040\000s\000e\000t\000T\000r\000a\000i\000l\000F\000a\000d\000e\000P\000e\000r\000c\000e\000n\000t\000a\000g\000e\000\050\000\051}{subsection.6.14.2}% 252
\BOOKMARK [3][-]{subsubsection.6.14.2.26}{\376\377\0006\000.\0001\0004\000.\0002\000.\0002\0006\000\040\000s\000t\000a\000r\000t}{subsection.6.14.2}% 253
\BOOKMARK [3][-]{subsubsection.6.14.2.27}{\376\377\0006\000.\0001\0004\000.\0002\000.\0002\0007\000\040\000s\000t\000o\000p}{subsection.6.14.2}% 254
\BOOKMARK [3][-]{subsubsection.6.14.2.28}{\376\377\0006\000.\0001\0004\000.\0002\000.\0002\0008\000\040\000t\000r\000a\000i\000l\000F\000a\000d\000e\000P\000e\000r\000c\000e\000n\000t\000a\000g\000e\000\050\000\051}{subsection.6.14.2}% 255
\BOOKMARK [3][-]{subsubsection.6.14.2.29}{\376\377\0006\000.\0001\0004\000.\0002\000.\0002\0009\000\040\000u\000p\000d\000a\000t\000e\000P\000o\000s\000i\000t\000i\000o\000n\000\050\000\051}{subsection.6.14.2}% 256
\BOOKMARK [3][-]{subsubsection.6.14.2.30}{\376\377\0006\000.\0001\0004\000.\0002\000.\0003\0000\000\040\000u\000p\000d\000a\000t\000e\000S\000i\000z\000e\000\050\000\051}{subsection.6.14.2}% 257
\BOOKMARK [3][-]{subsubsection.6.14.2.31}{\376\377\0006\000.\0001\0004\000.\0002\000.\0003\0001\000\040\000u\000p\000d\000a\000t\000e\000T\000i\000m\000e\000r\000\050\000\051}{subsection.6.14.2}% 258
\BOOKMARK [2][-]{subsection.6.14.3}{\376\377\0006\000.\0001\0004\000.\0003\000\040\000M\000e\000m\000b\000e\000r\000\040\000D\000a\000t\000a\000\040\000D\000o\000c\000u\000m\000e\000n\000t\000a\000t\000i\000o\000n}{section.6.14}% 259
\BOOKMARK [3][-]{subsubsection.6.14.3.1}{\376\377\0006\000.\0001\0004\000.\0003\000.\0001\000\040\000\137\000c\000e\000n\000t\000e\000r\000O\000n\000P\000a\000r\000e\000n\000t}{subsection.6.14.3}% 260
\BOOKMARK [3][-]{subsubsection.6.14.3.2}{\376\377\0006\000.\0001\0004\000.\0003\000.\0002\000\040\000\137\000c\000o\000l\000o\000r}{subsection.6.14.3}% 261
\BOOKMARK [3][-]{subsubsection.6.14.3.3}{\376\377\0006\000.\0001\0004\000.\0003\000.\0003\000\040\000\137\000c\000u\000r\000r\000e\000n\000t\000C\000o\000u\000n\000t\000e\000r}{subsection.6.14.3}% 262
\BOOKMARK [3][-]{subsubsection.6.14.3.4}{\376\377\0006\000.\0001\0004\000.\0003\000.\0004\000\040\000\137\000d\000i\000s\000a\000b\000l\000e\000P\000a\000r\000e\000n\000t\000W\000h\000e\000n\000S\000p\000i\000n\000n\000i\000n\000g}{subsection.6.14.3}% 263
\BOOKMARK [3][-]{subsubsection.6.14.3.5}{\376\377\0006\000.\0001\0004\000.\0003\000.\0005\000\040\000\137\000i\000n\000n\000e\000r\000R\000a\000d\000i\000u\000s}{subsection.6.14.3}% 264
\BOOKMARK [3][-]{subsubsection.6.14.3.6}{\376\377\0006\000.\0001\0004\000.\0003\000.\0006\000\040\000\137\000i\000s\000S\000p\000i\000n\000n\000i\000n\000g}{subsection.6.14.3}% 265
\BOOKMARK [3][-]{subsubsection.6.14.3.7}{\376\377\0006\000.\0001\0004\000.\0003\000.\0007\000\040\000\137\000l\000i\000n\000e\000L\000e\000n\000g\000t\000h}{subsection.6.14.3}% 266
\BOOKMARK [3][-]{subsubsection.6.14.3.8}{\376\377\0006\000.\0001\0004\000.\0003\000.\0008\000\040\000\137\000l\000i\000n\000e\000W\000i\000d\000t\000h}{subsection.6.14.3}% 267
\BOOKMARK [3][-]{subsubsection.6.14.3.9}{\376\377\0006\000.\0001\0004\000.\0003\000.\0009\000\040\000\137\000m\000i\000n\000i\000m\000u\000m\000T\000r\000a\000i\000l\000O\000p\000a\000c\000i\000t\000y}{subsection.6.14.3}% 268
\BOOKMARK [3][-]{subsubsection.6.14.3.10}{\376\377\0006\000.\0001\0004\000.\0003\000.\0001\0000\000\040\000\137\000n\000u\000m\000b\000e\000r\000O\000f\000L\000i\000n\000e\000s}{subsection.6.14.3}% 269
\BOOKMARK [3][-]{subsubsection.6.14.3.11}{\376\377\0006\000.\0001\0004\000.\0003\000.\0001\0001\000\040\000\137\000r\000e\000v\000o\000l\000u\000t\000i\000o\000n\000s\000P\000e\000r\000S\000e\000c\000o\000n\000d}{subsection.6.14.3}% 270
\BOOKMARK [3][-]{subsubsection.6.14.3.12}{\376\377\0006\000.\0001\0004\000.\0003\000.\0001\0002\000\040\000\137\000r\000o\000u\000n\000d\000n\000e\000s\000s}{subsection.6.14.3}% 271
\BOOKMARK [3][-]{subsubsection.6.14.3.13}{\376\377\0006\000.\0001\0004\000.\0003\000.\0001\0003\000\040\000\137\000t\000i\000m\000e\000r}{subsection.6.14.3}% 272
\BOOKMARK [3][-]{subsubsection.6.14.3.14}{\376\377\0006\000.\0001\0004\000.\0003\000.\0001\0004\000\040\000\137\000t\000r\000a\000i\000l\000F\000a\000d\000e\000P\000e\000r\000c\000e\000n\000t\000a\000g\000e}{subsection.6.14.3}% 273
\BOOKMARK [0][-]{chapter.7}{\376\377\0007\000\040\000F\000i\000l\000e\000\040\000D\000o\000c\000u\000m\000e\000n\000t\000a\000t\000i\000o\000n}{}% 274
\BOOKMARK [1][-]{section.7.1}{\376\377\0007\000.\0001\000\040\000d\000o\000c\000s\000/\000p\000l\000a\000n\000t\000u\000m\000l\000/\000A\000I\000A\000g\000e\000n\000t\000.\000p\000u\000m\000l\000\040\000F\000i\000l\000e\000\040\000R\000e\000f\000e\000r\000e\000n\000c\000e}{chapter.7}% 275
\BOOKMARK [1][-]{section.7.2}{\376\377\0007\000.\0002\000\040\000d\000o\000c\000s\000/\000p\000l\000a\000n\000t\000u\000m\000l\000/\000B\000o\000a\000r\000d\000.\000p\000u\000m\000l\000\040\000F\000i\000l\000e\000\040\000R\000e\000f\000e\000r\000e\000n\000c\000e}{chapter.7}% 276
\BOOKMARK [1][-]{section.7.3}{\376\377\0007\000.\0003\000\040\000d\000o\000c\000s\000/\000p\000l\000a\000n\000t\000u\000m\000l\000/\000C\000o\000n\000f\000i\000g\000M\000a\000n\000a\000g\000e\000r\000.\000p\000u\000m\000l\000\040\000F\000i\000l\000e\000\040\000R\000e\000f\000e\000r\000e\000n\000c\000e}{chapter.7}% 277
\BOOKMARK [1][-]{section.7.4}{\376\377\0007\000.\0004\000\040\000d\000o\000c\000s\000/\000p\000l\000a\000n\000t\000u\000m\000l\000/\000H\000u\000m\000a\000n\000P\000l\000a\000y\000e\000r\000.\000p\000u\000m\000l\000\040\000F\000i\000l\000e\000\040\000R\000e\000f\000e\000r\000e\000n\000c\000e}{chapter.7}% 278
\BOOKMARK [1][-]{section.7.5}{\376\377\0007\000.\0005\000\040\000d\000o\000c\000s\000/\000p\000l\000a\000n\000t\000u\000m\000l\000/\000M\000i\000n\000i\000M\000a\000x\000A\000g\000e\000n\000t\000.\000p\000u\000m\000l\000\040\000F\000i\000l\000e\000\040\000R\000e\000f\000e\000r\000e\000n\000c\000e}{chapter.7}% 279
\BOOKMARK [1][-]{section.7.6}{\376\377\0007\000.\0006\000\040\000d\000o\000c\000s\000/\000p\000l\000a\000n\000t\000u\000m\000l\000/\000N\000e\000t\000w\000o\000r\000k\000M\000a\000n\000a\000g\000e\000r\000.\000p\000u\000m\000l\000\040\000F\000i\000l\000e\000\040\000R\000e\000f\000e\000r\000e\000n\000c\000e}{chapter.7}% 280
\BOOKMARK [1][-]{section.7.7}{\376\377\0007\000.\0007\000\040\000d\000o\000c\000s\000/\000p\000l\000a\000n\000t\000u\000m\000l\000/\000P\000l\000a\000y\000e\000r\000.\000p\000u\000m\000l\000\040\000F\000i\000l\000e\000\040\000R\000e\000f\000e\000r\000e\000n\000c\000e}{chapter.7}% 281
\BOOKMARK [1][-]{section.7.8}{\376\377\0007\000.\0008\000\040\000d\000o\000c\000s\000/\000p\000l\000a\000n\000t\000u\000m\000l\000/\000S\000p\000e\000e\000c\000h\000M\000a\000n\000a\000g\000e\000r\000.\000p\000u\000m\000l\000\040\000F\000i\000l\000e\000\040\000R\000e\000f\000e\000r\000e\000n\000c\000e}{chapter.7}% 282
\BOOKMARK [1][-]{section.7.9}{\376\377\0007\000.\0009\000\040\000d\000o\000c\000s\000/\000p\000l\000a\000n\000t\000u\000m\000l\000/\000T\000i\000c\000T\000a\000c\000T\000o\000e\000G\000a\000m\000e\000.\000p\000u\000m\000l\000\040\000F\000i\000l\000e\000\040\000R\000e\000f\000e\000r\000e\000n\000c\000e}{chapter.7}% 283
\BOOKMARK [1][-]{section.7.10}{\376\377\0007\000.\0001\0000\000\040\000d\000o\000c\000s\000/\000p\000l\000a\000n\000t\000u\000m\000l\000/\000T\000i\000t\000l\000e\000S\000c\000r\000e\000e\000n\000.\000p\000u\000m\000l\000\040\000F\000i\000l\000e\000\040\000R\000e\000f\000e\000r\000e\000n\000c\000e}{chapter.7}% 284
\BOOKMARK [1][-]{section.7.11}{\376\377\0007\000.\0001\0001\000\040\000d\000o\000c\000s\000/\000p\000l\000a\000n\000t\000u\000m\000l\000/\000T\000T\000T\000C\000o\000m\000m\000o\000n\000T\000y\000p\000e\000s\000.\000p\000u\000m\000l\000\040\000F\000i\000l\000e\000\040\000R\000e\000f\000e\000r\000e\000n\000c\000e}{chapter.7}% 285
\BOOKMARK [1][-]{section.7.12}{\376\377\0007\000.\0001\0002\000\040\000d\000o\000c\000s\000/\000p\000l\000a\000n\000t\000u\000m\000l\000/\000T\000T\000T\000C\000o\000n\000t\000r\000o\000l\000l\000e\000r\000.\000p\000u\000m\000l\000\040\000F\000i\000l\000e\000\040\000R\000e\000f\000e\000r\000e\000n\000c\000e}{chapter.7}% 286
\BOOKMARK [1][-]{section.7.13}{\376\377\0007\000.\0001\0003\000\040\000d\000o\000c\000s\000/\000p\000l\000a\000n\000t\000u\000m\000l\000/\000W\000a\000i\000t\000i\000n\000g\000S\000p\000i\000n\000n\000e\000r\000W\000i\000d\000g\000e\000t\000.\000p\000u\000m\000l\000\040\000F\000i\000l\000e\000\040\000R\000e\000f\000e\000r\000e\000n\000c\000e}{chapter.7}% 287
\BOOKMARK [1][-]{section.7.14}{\376\377\0007\000.\0001\0004\000\040\000i\000n\000c\000l\000u\000d\000e\000/\000A\000I\000/\000A\000I\000A\000g\000e\000n\000t\000.\000h\000\040\000F\000i\000l\000e\000\040\000R\000e\000f\000e\000r\000e\000n\000c\000e}{chapter.7}% 288
\BOOKMARK [2][-]{subsection.7.14.1}{\376\377\0007\000.\0001\0004\000.\0001\000\040\000D\000e\000t\000a\000i\000l\000e\000d\000\040\000D\000e\000s\000c\000r\000i\000p\000t\000i\000o\000n}{section.7.14}% 289
\BOOKMARK [1][-]{section.7.15}{\376\377\0007\000.\0001\0005\000\040\000A\000I\000A\000g\000e\000n\000t\000.\000h}{chapter.7}% 290
\BOOKMARK [1][-]{section.7.16}{\376\377\0007\000.\0001\0006\000\040\000i\000n\000c\000l\000u\000d\000e\000/\000A\000I\000/\000H\000u\000m\000a\000n\000P\000l\000a\000y\000e\000r\000.\000h\000\040\000F\000i\000l\000e\000\040\000R\000e\000f\000e\000r\000e\000n\000c\000e}{chapter.7}% 291
\BOOKMARK [2][-]{subsection.7.16.1}{\376\377\0007\000.\0001\0006\000.\0001\000\040\000D\000e\000t\000a\000i\000l\000e\000d\000\040\000D\000e\000s\000c\000r\000i\000p\000t\000i\000o\000n}{section.7.16}% 292
\BOOKMARK [1][-]{section.7.17}{\376\377\0007\000.\0001\0007\000\040\000H\000u\000m\000a\000n\000P\000l\000a\000y\000e\000r\000.\000h}{chapter.7}% 293
\BOOKMARK [1][-]{section.7.18}{\376\377\0007\000.\0001\0008\000\040\000i\000n\000c\000l\000u\000d\000e\000/\000A\000I\000/\000M\000i\000n\000i\000M\000a\000x\000A\000g\000e\000n\000t\000.\000h\000\040\000F\000i\000l\000e\000\040\000R\000e\000f\000e\000r\000e\000n\000c\000e}{chapter.7}% 294
\BOOKMARK [2][-]{subsection.7.18.1}{\376\377\0007\000.\0001\0008\000.\0001\000\040\000D\000e\000t\000a\000i\000l\000e\000d\000\040\000D\000e\000s\000c\000r\000i\000p\000t\000i\000o\000n}{section.7.18}% 295
\BOOKMARK [1][-]{section.7.19}{\376\377\0007\000.\0001\0009\000\040\000M\000i\000n\000i\000M\000a\000x\000A\000g\000e\000n\000t\000.\000h}{chapter.7}% 296
\BOOKMARK [1][-]{section.7.20}{\376\377\0007\000.\0002\0000\000\040\000i\000n\000c\000l\000u\000d\000e\000/\000A\000I\000/\000P\000l\000a\000y\000e\000r\000.\000h\000\040\000F\000i\000l\000e\000\040\000R\000e\000f\000e\000r\000e\000n\000c\000e}{chapter.7}% 297
\BOOKMARK [2][-]{subsection.7.20.1}{\376\377\0007\000.\0002\0000\000.\0001\000\040\000D\000e\000t\000a\000i\000l\000e\000d\000\040\000D\000e\000s\000c\000r\000i\000p\000t\000i\000o\000n}{section.7.20}% 298
\BOOKMARK [1][-]{section.7.21}{\376\377\0007\000.\0002\0001\000\040\000P\000l\000a\000y\000e\000r\000.\000h}{chapter.7}% 299
\BOOKMARK [1][-]{section.7.22}{\376\377\0007\000.\0002\0002\000\040\000i\000n\000c\000l\000u\000d\000e\000/\000C\000o\000n\000f\000i\000g\000/\000C\000o\000n\000f\000i\000g\000M\000a\000n\000a\000g\000e\000r\000.\000h\000\040\000F\000i\000l\000e\000\040\000R\000e\000f\000e\000r\000e\000n\000c\000e}{chapter.7}% 300
\BOOKMARK [2][-]{subsection.7.22.1}{\376\377\0007\000.\0002\0002\000.\0001\000\040\000D\000e\000t\000a\000i\000l\000e\000d\000\040\000D\000e\000s\000c\000r\000i\000p\000t\000i\000o\000n}{section.7.22}% 301
\BOOKMARK [1][-]{section.7.23}{\376\377\0007\000.\0002\0003\000\040\000C\000o\000n\000f\000i\000g\000M\000a\000n\000a\000g\000e\000r\000.\000h}{chapter.7}% 302
\BOOKMARK [1][-]{section.7.24}{\376\377\0007\000.\0002\0004\000\040\000i\000n\000c\000l\000u\000d\000e\000/\000C\000o\000n\000t\000r\000o\000l\000l\000e\000r\000/\000T\000T\000T\000C\000o\000n\000t\000r\000o\000l\000l\000e\000r\000.\000h\000\040\000F\000i\000l\000e\000\040\000R\000e\000f\000e\000r\000e\000n\000c\000e}{chapter.7}% 303
\BOOKMARK [2][-]{subsection.7.24.1}{\376\377\0007\000.\0002\0004\000.\0001\000\040\000D\000e\000t\000a\000i\000l\000e\000d\000\040\000D\000e\000s\000c\000r\000i\000p\000t\000i\000o\000n}{section.7.24}% 304
\BOOKMARK [1][-]{section.7.25}{\376\377\0007\000.\0002\0005\000\040\000T\000T\000T\000C\000o\000n\000t\000r\000o\000l\000l\000e\000r\000.\000h}{chapter.7}% 305
\BOOKMARK [1][-]{section.7.26}{\376\377\0007\000.\0002\0006\000\040\000i\000n\000c\000l\000u\000d\000e\000/\000M\000o\000d\000e\000l\000/\000B\000o\000a\000r\000d\000.\000h\000\040\000F\000i\000l\000e\000\040\000R\000e\000f\000e\000r\000e\000n\000c\000e}{chapter.7}% 306
\BOOKMARK [2][-]{subsection.7.26.1}{\376\377\0007\000.\0002\0006\000.\0001\000\040\000D\000e\000t\000a\000i\000l\000e\000d\000\040\000D\000e\000s\000c\000r\000i\000p\000t\000i\000o\000n}{section.7.26}% 307
\BOOKMARK [1][-]{section.7.27}{\376\377\0007\000.\0002\0007\000\040\000B\000o\000a\000r\000d\000.\000h}{chapter.7}% 308
\BOOKMARK [1][-]{section.7.28}{\376\377\0007\000.\0002\0008\000\040\000i\000n\000c\000l\000u\000d\000e\000/\000N\000e\000t\000w\000o\000r\000k\000/\000N\000e\000t\000w\000o\000r\000k\000M\000a\000n\000a\000g\000e\000r\000.\000h\000\040\000F\000i\000l\000e\000\040\000R\000e\000f\000e\000r\000e\000n\000c\000e}{chapter.7}% 309
\BOOKMARK [2][-]{subsection.7.28.1}{\376\377\0007\000.\0002\0008\000.\0001\000\040\000D\000e\000t\000a\000i\000l\000e\000d\000\040\000D\000e\000s\000c\000r\000i\000p\000t\000i\000o\000n}{section.7.28}% 310
\BOOKMARK [1][-]{section.7.29}{\376\377\0007\000.\0002\0009\000\040\000N\000e\000t\000w\000o\000r\000k\000M\000a\000n\000a\000g\000e\000r\000.\000h}{chapter.7}% 311
\BOOKMARK [1][-]{section.7.30}{\376\377\0007\000.\0003\0000\000\040\000i\000n\000c\000l\000u\000d\000e\000/\000S\000p\000e\000e\000c\000h\000/\000S\000p\000e\000e\000c\000h\000M\000a\000n\000a\000g\000e\000r\000.\000h\000\040\000F\000i\000l\000e\000\040\000R\000e\000f\000e\000r\000e\000n\000c\000e}{chapter.7}% 312
\BOOKMARK [2][-]{subsection.7.30.1}{\376\377\0007\000.\0003\0000\000.\0001\000\040\000D\000e\000t\000a\000i\000l\000e\000d\000\040\000D\000e\000s\000c\000r\000i\000p\000t\000i\000o\000n}{section.7.30}% 313
\BOOKMARK [1][-]{section.7.31}{\376\377\0007\000.\0003\0001\000\040\000S\000p\000e\000e\000c\000h\000M\000a\000n\000a\000g\000e\000r\000.\000h}{chapter.7}% 314
\BOOKMARK [1][-]{section.7.32}{\376\377\0007\000.\0003\0002\000\040\000i\000n\000c\000l\000u\000d\000e\000/\000T\000T\000T\000C\000o\000m\000m\000o\000n\000T\000y\000p\000e\000s\000.\000h\000\040\000F\000i\000l\000e\000\040\000R\000e\000f\000e\000r\000e\000n\000c\000e}{chapter.7}% 315
\BOOKMARK [2][-]{subsection.7.32.1}{\376\377\0007\000.\0003\0002\000.\0001\000\040\000D\000e\000t\000a\000i\000l\000e\000d\000\040\000D\000e\000s\000c\000r\000i\000p\000t\000i\000o\000n}{section.7.32}% 316
\BOOKMARK [2][-]{subsection.7.32.2}{\376\377\0007\000.\0003\0002\000.\0002\000\040\000E\000n\000u\000m\000e\000r\000a\000t\000i\000o\000n\000\040\000T\000y\000p\000e\000\040\000D\000o\000c\000u\000m\000e\000n\000t\000a\000t\000i\000o\000n}{section.7.32}% 317
\BOOKMARK [3][-]{subsubsection.7.32.2.1}{\376\377\0007\000.\0003\0002\000.\0002\000.\0001\000\040\000B\000o\000a\000r\000d\000M\000a\000r\000k\000s}{subsection.7.32.2}% 318
\BOOKMARK [3][-]{subsubsection.7.32.2.2}{\376\377\0007\000.\0003\0002\000.\0002\000.\0002\000\040\000B\000o\000a\000r\000d\000S\000t\000a\000t\000e}{subsection.7.32.2}% 319
\BOOKMARK [1][-]{section.7.33}{\376\377\0007\000.\0003\0003\000\040\000T\000T\000T\000C\000o\000m\000m\000o\000n\000T\000y\000p\000e\000s\000.\000h}{chapter.7}% 320
\BOOKMARK [1][-]{section.7.34}{\376\377\0007\000.\0003\0004\000\040\000i\000n\000c\000l\000u\000d\000e\000/\000V\000i\000e\000w\000/\000T\000i\000c\000T\000a\000c\000T\000o\000e\000G\000a\000m\000e\000.\000h\000\040\000F\000i\000l\000e\000\040\000R\000e\000f\000e\000r\000e\000n\000c\000e}{chapter.7}% 321
\BOOKMARK [2][-]{subsection.7.34.1}{\376\377\0007\000.\0003\0004\000.\0001\000\040\000D\000e\000t\000a\000i\000l\000e\000d\000\040\000D\000e\000s\000c\000r\000i\000p\000t\000i\000o\000n}{section.7.34}% 322
\BOOKMARK [1][-]{section.7.35}{\376\377\0007\000.\0003\0005\000\040\000T\000i\000c\000T\000a\000c\000T\000o\000e\000G\000a\000m\000e\000.\000h}{chapter.7}% 323
\BOOKMARK [1][-]{section.7.36}{\376\377\0007\000.\0003\0006\000\040\000i\000n\000c\000l\000u\000d\000e\000/\000V\000i\000e\000w\000/\000T\000i\000t\000l\000e\000S\000c\000r\000e\000e\000n\000.\000h\000\040\000F\000i\000l\000e\000\040\000R\000e\000f\000e\000r\000e\000n\000c\000e}{chapter.7}% 324
\BOOKMARK [2][-]{subsection.7.36.1}{\376\377\0007\000.\0003\0006\000.\0001\000\040\000D\000e\000t\000a\000i\000l\000e\000d\000\040\000D\000e\000s\000c\000r\000i\000p\000t\000i\000o\000n}{section.7.36}% 325
\BOOKMARK [1][-]{section.7.37}{\376\377\0007\000.\0003\0007\000\040\000T\000i\000t\000l\000e\000S\000c\000r\000e\000e\000n\000.\000h}{chapter.7}% 326
\BOOKMARK [1][-]{section.7.38}{\376\377\0007\000.\0003\0008\000\040\000i\000n\000c\000l\000u\000d\000e\000/\000V\000i\000e\000w\000/\000w\000a\000i\000t\000i\000n\000g\000s\000p\000i\000n\000n\000e\000r\000w\000i\000d\000g\000e\000t\000.\000h\000\040\000F\000i\000l\000e\000\040\000R\000e\000f\000e\000r\000e\000n\000c\000e}{chapter.7}% 327
\BOOKMARK [1][-]{section.7.39}{\376\377\0007\000.\0003\0009\000\040\000w\000a\000i\000t\000i\000n\000g\000s\000p\000i\000n\000n\000e\000r\000w\000i\000d\000g\000e\000t\000.\000h}{chapter.7}% 328
\BOOKMARK [1][-]{section.7.40}{\376\377\0007\000.\0004\0000\000\040\000s\000r\000c\000/\000A\000I\000/\000H\000u\000m\000a\000n\000P\000l\000a\000y\000e\000r\000.\000c\000p\000p\000\040\000F\000i\000l\000e\000\040\000R\000e\000f\000e\000r\000e\000n\000c\000e}{chapter.7}% 329
\BOOKMARK [1][-]{section.7.41}{\376\377\0007\000.\0004\0001\000\040\000s\000r\000c\000/\000A\000I\000/\000M\000i\000n\000i\000M\000a\000x\000A\000g\000e\000n\000t\000.\000c\000p\000p\000\040\000F\000i\000l\000e\000\040\000R\000e\000f\000e\000r\000e\000n\000c\000e}{chapter.7}% 330
\BOOKMARK [1][-]{section.7.42}{\376\377\0007\000.\0004\0002\000\040\000s\000r\000c\000/\000A\000I\000/\000P\000l\000a\000y\000e\000r\000.\000c\000p\000p\000\040\000F\000i\000l\000e\000\040\000R\000e\000f\000e\000r\000e\000n\000c\000e}{chapter.7}% 331
\BOOKMARK [1][-]{section.7.43}{\376\377\0007\000.\0004\0003\000\040\000s\000r\000c\000/\000C\000o\000n\000f\000i\000g\000/\000C\000o\000n\000f\000i\000g\000M\000a\000n\000a\000g\000e\000r\000.\000c\000p\000p\000\040\000F\000i\000l\000e\000\040\000R\000e\000f\000e\000r\000e\000n\000c\000e}{chapter.7}% 332
\BOOKMARK [1][-]{section.7.44}{\376\377\0007\000.\0004\0004\000\040\000s\000r\000c\000/\000C\000o\000n\000t\000r\000o\000l\000l\000e\000r\000/\000T\000T\000T\000C\000o\000n\000t\000r\000o\000l\000l\000e\000r\000.\000c\000p\000p\000\040\000F\000i\000l\000e\000\040\000R\000e\000f\000e\000r\000e\000n\000c\000e}{chapter.7}% 333
\BOOKMARK [1][-]{section.7.45}{\376\377\0007\000.\0004\0005\000\040\000s\000r\000c\000/\000m\000a\000i\000n\000.\000c\000p\000p\000\040\000F\000i\000l\000e\000\040\000R\000e\000f\000e\000r\000e\000n\000c\000e}{chapter.7}% 334
\BOOKMARK [2][-]{subsection.7.45.1}{\376\377\0007\000.\0004\0005\000.\0001\000\040\000F\000u\000n\000c\000t\000i\000o\000n\000\040\000D\000o\000c\000u\000m\000e\000n\000t\000a\000t\000i\000o\000n}{section.7.45}% 335
\BOOKMARK [3][-]{subsubsection.7.45.1.1}{\376\377\0007\000.\0004\0005\000.\0001\000.\0001\000\040\000m\000a\000i\000n\000\050\000\051}{subsection.7.45.1}% 336
\BOOKMARK [1][-]{section.7.46}{\376\377\0007\000.\0004\0006\000\040\000s\000r\000c\000/\000M\000o\000d\000e\000l\000/\000B\000o\000a\000r\000d\000.\000c\000p\000p\000\040\000F\000i\000l\000e\000\040\000R\000e\000f\000e\000r\000e\000n\000c\000e}{chapter.7}% 337
\BOOKMARK [1][-]{section.7.47}{\376\377\0007\000.\0004\0007\000\040\000s\000r\000c\000/\000N\000e\000t\000w\000o\000r\000k\000/\000N\000e\000t\000w\000o\000r\000k\000M\000a\000n\000a\000g\000e\000r\000.\000c\000p\000p\000\040\000F\000i\000l\000e\000\040\000R\000e\000f\000e\000r\000e\000n\000c\000e}{chapter.7}% 338
\BOOKMARK [1][-]{section.7.48}{\376\377\0007\000.\0004\0008\000\040\000s\000r\000c\000/\000S\000p\000e\000e\000c\000h\000/\000S\000p\000e\000e\000c\000h\000M\000a\000n\000a\000g\000e\000r\000.\000c\000p\000p\000\040\000F\000i\000l\000e\000\040\000R\000e\000f\000e\000r\000e\000n\000c\000e}{chapter.7}% 339
\BOOKMARK [1][-]{section.7.49}{\376\377\0007\000.\0004\0009\000\040\000s\000r\000c\000/\000V\000i\000e\000w\000/\000T\000i\000c\000T\000a\000c\000T\000o\000e\000G\000a\000m\000e\000.\000c\000p\000p\000\040\000F\000i\000l\000e\000\040\000R\000e\000f\000e\000r\000e\000n\000c\000e}{chapter.7}% 340
\BOOKMARK [1][-]{section.7.50}{\376\377\0007\000.\0005\0000\000\040\000s\000r\000c\000/\000V\000i\000e\000w\000/\000T\000i\000t\000l\000e\000S\000c\000r\000e\000e\000n\000.\000c\000p\000p\000\040\000F\000i\000l\000e\000\040\000R\000e\000f\000e\000r\000e\000n\000c\000e}{chapter.7}% 341
\BOOKMARK [1][-]{section.7.51}{\376\377\0007\000.\0005\0001\000\040\000s\000r\000c\000/\000w\000a\000i\000t\000i\000n\000g\000s\000p\000i\000n\000n\000e\000r\000w\000i\000d\000g\000e\000t\000.\000c\000p\000p\000\040\000F\000i\000l\000e\000\040\000R\000e\000f\000e\000r\000e\000n\000c\000e}{chapter.7}% 342
\BOOKMARK [0][-]{section*.85}{\376\377\000I\000n\000d\000e\000x}{}% 343
